--------- beginning of /dev/log/main
D/dalvikvm(28965): GC_CONCURRENT freed 451K, 34% free 5575K/8327K, external 0K/0K, paused 3ms+3ms
D/dalvikvm(28965): GC_CONCURRENT freed 324K, 31% free 6091K/8775K, external 0K/0K, paused 2ms+2ms
D/dalvikvm(28965): GC_CONCURRENT freed 315K, 28% free 6928K/9543K, external 0K/0K, paused 107ms+3ms
D/gp.PicasaPhotoCP(28965): set fsid first time:-442689554
I/keystore( 1257): uid: 1000 action: e -> 7 state: 2 -> 2 retry: 4
--------- beginning of /dev/log/system
I/ActivityManager( 1359): No longer want com.facebook.katana (pid 28533): hidden #16
D/Process ( 1359): killProcessQuiet, pid=28533
D/Process ( 1359): dalvik.system.VMStack.getThreadStackTrace(Native Method)
D/Process ( 1359): java.lang.Thread.getStackTrace(Thread.java:745)
D/Process ( 1359): android.os.Process.killProcessQuiet(Process.java:827)
D/Process ( 1359): com.android.server.am.ActivityManagerService.updateOomAdjLocked(ActivityManagerService.java:14288)
D/Process ( 1359): com.android.server.am.ActivityManagerService.updateLruProcessInternalLocked(ActivityManagerService.java:1868)
D/Process ( 1359): com.android.server.am.ActivityManagerService.updateLruProcessLocked(ActivityManagerService.java:1875)
D/Process ( 1359): com.android.server.am.ActivityManagerService.realStartServiceLocked(ActivityManagerService.java:10479)
D/Process ( 1359): com.android.server.am.ActivityManagerService.bringUpServiceLocked(ActivityManagerService.java:10664)
D/Process ( 1359): com.android.server.am.ActivityManagerService.startServiceLocked(ActivityManagerService.java:10874)
D/Process ( 1359): com.android.server.am.ActivityManagerService.startService(ActivityManagerService.java:10892)
D/Process ( 1359): android.app.ActivityManagerNative.onTransact(ActivityManagerNative.java:613)
D/Process ( 1359): com.android.server.am.ActivityManagerService.onTransact(ActivityManagerService.java:1642)
D/Process ( 1359): android.os.Binder.execTransact(Binder.java:320)
D/Process ( 1359): dalvik.system.NativeStart.run(Native Method)
I/keystore( 1257): uid: 1000 action: e -> 7 state: 2 -> 2 retry: 4
D/Process ( 1359): killProcessQuiet, pid=28497
D/Process ( 1359): dalvik.system.VMStack.getThreadStackTrace(Native Method)
D/Process ( 1359): java.lang.Thread.getStackTrace(Thread.java:745)
D/Process ( 1359): android.os.Process.killProcessQuiet(Process.java:827)
D/Process ( 1359): com.android.server.am.ActivityManagerService.updateOomAdjLocked(ActivityManagerService.java:14288)
D/Process ( 1359): com.android.server.am.ActivityManagerService.updateLruProcessInternalLocked(ActivityManagerService.java:1868)
D/Process ( 1359): com.android.server.am.ActivityManagerService.updateLruProcessLocked(ActivityManagerService.java:1875)
D/Process ( 1359): com.android.server.am.ActivityManagerService.processCurBroadcastLocked(ActivityManagerService.java:12593)
D/Process ( 1359): com.android.server.am.ActivityManagerService.processNextBroadcast(ActivityManagerService.java:13018)
D/Process ( 1359): com.android.server.am.ActivityManagerService.finishReceiver(ActivityManagerService.java:12425)
D/Process ( 1359): android.app.ActivityManagerNative.onTransact(ActivityManagerNative.java:346)
D/Process ( 1359): com.android.server.am.ActivityManagerService.onTransact(ActivityManagerService.java:1642)
D/Process ( 1359): android.os.Binder.execTransact(Binder.java:320)
D/Process ( 1359): dalvik.system.NativeStart.run(Native Method)
I/ActivityManager( 1359): No longer want com.google.android.apps.maps:LocationFriendService (pid 28497): hidden #16
W/ContentService( 1359): binderDied() at ObserverNode name mms-sms
W/ActivityManager( 1359): Scheduling restart of crashed service com.facebook.katana/.service.MediaUploadService in 5000ms
D/Socket_Alarm(28965): registerHTCSocketMonitorCallBack
D/Socket_Alarm(28965): set mSocketMonitor
D/Socket_Alarm(28965): HTCSocketMonitorImpl::HTCSocketMonitorImpl
D/gp.PicasaSync(28965): sync account database
D/Database(28965): dbopen(): path = /data/data/com.google.android.apps.plus/databases/picasa.db, flag = 6, file size = 13312
D/Database(28965): dbopen(): path = /data/data/com.google.android.apps.plus/databases/es0.db, flag = 6, file size = 954368
D/Database(28965): dbopen(): path = /data/data/com.google.android.apps.plus/databases/picasa.db, mode: wal, disk free size: 619 M, handle: 0x36d8e0
I/keystore( 1257): uid: 1000 action: e -> 7 state: 2 -> 2 retry: 4
I/Database(28965): sqlite returned: error code = 0, msg = Recovered 932 frames from WAL file /data/data/com.google.android.apps.plus/databases/es0.db-wal
E/dalvikvm(28348): Could not find class 'android.app.Notification$Builder', referenced from method azc.a
W/dalvikvm(28348): VFY: unable to resolve new-instance 394 (Landroid/app/Notification$Builder;) in Lazc;
D/dalvikvm(28348): VFY: replacing opcode 0x22 at 0x003c
D/dalvikvm(28348): VFY: dead code 0x003e-00a7 in Lazc;.a (Lazc;Lazs;)V
D/gp.PicasaSync(28965): accounts in DB=1
D/gp.PicasaSyncManager(28965): active network: null
D/gp.PicasaSyncManager(28965): background data: false
D/gp.PicasaSyncManager(28965): battery info: true
I/keystore( 1257): uid: 1000 action: e -> 7 state: 2 -> 2 retry: 4
D/Database(28965): dbopen(): path = /data/data/com.google.android.apps.plus/databases/es0.db, mode: wal, disk free size: 619 M, handle: 0x36adc0
D/Database(28965): dbopen(): path = /data/data/com.google.android.apps.plus/databases/iu.upload.db, flag = 6, file size = 37888
I/keystore( 1257): uid: 1000 action: e -> 7 state: 2 -> 2 retry: 4
I/ActivityManager( 1359): Start proc com.android.vending for broadcast com.android.vending/com.google.android.finsky.receivers.PackageMonitorReceiver$RegisteredReceiver: pid=28981 uid=10055 gids={3003, 1015}
I/Database(28965): sqlite returned: error code = 0, msg = Recovered 46 frames from WAL file /data/data/com.google.android.apps.plus/databases/iu.upload.db-wal
D/Database(28965): dbopen(): path = /data/data/com.google.android.apps.plus/databases/iu.upload.db, mode: wal, disk free size: 619 M, handle: 0x3ce310
I/keystore( 1257): uid: 1000 action: e -> 7 state: 2 -> 2 retry: 4
D/dalvikvm(28348): Trying to load lib /data/data/com.google.android.gms/lib/libAppDataSearch.so 0x4051e388
I/keystore( 1257): uid: 1000 action: e -> 7 state: 2 -> 2 retry: 4
D/dalvikvm(28348): Added shared lib /data/data/com.google.android.gms/lib/libAppDataSearch.so 0x4051e388
D/dalvikvm(28348): No JNI_OnLoad found in /data/data/com.google.android.gms/lib/libAppDataSearch.so 0x4051e388, skipping init
I/keystore( 1257): uid: 1000 action: e -> 7 state: 2 -> 2 retry: 4
I/keystore( 1257): uid: 1000 action: e -> 7 state: 2 -> 2 retry: 4
I/keystore( 1257): uid: 1000 action: e -> 7 state: 2 -> 2 retry: 4
D/Icing   (28348): Init last flush num docs 0 last docstore size 0
D/Icing   (28348): Docid map file has no data, nothing to scan
D/Icing   (28348): File /data/data/com.google.android.gms/files/AppDataSearch/main/cur/ds.perdocdata contains 0 records of size 6
D/Icing   (28348): Init docstore ok num docs 0 bytes 0
V/Icing   (28348): Lite index crc computed in 0.122ms
V/Icing   (28348): Lite index init ok in 36.072ms
V/Icing   (28348): Warming lite-index took 0.000ms
V/Icing   (28348): Warming lexicon took 0.000ms
V/Icing   (28348): Warming display mappings took 0.000ms
D/Icing   (28348): Init index ok num docs 0
D/Icing   (28348): Init done
I/keystore( 1257): uid: 1000 action: e -> 7 state: 2 -> 2 retry: 4
I/keystore( 1257): uid: 1000 action: e -> 7 state: 2 -> 2 retry: 4
I/Icing   (28348): 0 corpora need re-polling
I/ActivityThread(28981): Pub com.google.android.finsky.QSBSuggestionsProvider2: com.google.android.finsky.providers.QSBSuggestionsProvider
I/ActivityThread(28981): Pub com.google.android.finsky.AppIconProvider: com.google.android.finsky.providers.AppIconProvider
I/ActivityThread(28981): Pub com.google.android.finsky.RecentSuggestionsProvider: com.google.android.finsky.providers.RecentSuggestionsProvider
I/keystore( 1257): uid: 1000 action: e -> 7 state: 2 -> 2 retry: 4
I/keystore( 1257): uid: 1000 action: e -> 7 state: 2 -> 2 retry: 4
I/keystore( 1257): uid: 1000 action: e -> 7 state: 2 -> 2 retry: 4
I/keystore( 1257): uid: 1000 action: e -> 7 state: 2 -> 2 retry: 4
D/dalvikvm(28981): GC_CONCURRENT freed 134K, 44% free 3160K/5639K, external 0K/0K, paused 3ms+13ms
D/dalvikvm( 7853): GC_EXPLICIT freed 347K, 44% free 3598K/6407K, external 0K/0K, paused 63ms
I/PackageManager( 1359):  setEnabledSetting(), pkgName=com.android.vending, clsName=com.android.vending.AssetBrowserActivity, state=1, flag=1, pid=28981, uid=10055
D/Finsky  (28981): [1] FinskyApp.onCreate: Initializing network with DFE https://android.clients.google.com/fdfe/
D/dalvikvm(28981): DexOpt: couldn't find static field
W/dalvikvm(28981): VFY: unable to resolve static field 73 (BLOCKED) in Landroid/net/NetworkInfo$DetailedState;
D/dalvikvm(28981): VFY: replacing opcode 0x62 at 0x0024
D/dalvikvm(28981): VFY: dead code 0x0026-0029 in Lcom/google/android/finsky/utils/Utils;.isBackgroundDataEnabled (Landroid/content/Context;)Z
D/Finsky  (28981): [1] DailyHygiene.goMakeHygieneIfDirty: Dirty, need more hygiene.
D/Socket_Alarm(28981): registerHTCSocketMonitorCallBack
D/Socket_Alarm(28981): set mSocketMonitor
D/Socket_Alarm(28981): HTCSocketMonitorImpl::HTCSocketMonitorImpl
I/dalvikvm(28981): Failed resolving Lcom/google/android/finsky/widget/recommendation/RecommendationsViewFactory; interface 491 'Landroid/widget/RemoteViewsService$RemoteViewsFactory;'
W/dalvikvm(28981): Link of class 'Lcom/google/android/finsky/widget/recommendation/RecommendationsViewFactory;' failed
I/dalvikvm(28981): Could not find method com.google.android.finsky.widget.recommendation.RecommendationsViewFactory.notifyDataSetChanged, referenced from method com.google.android.finsky.widget.WidgetUtils$1.onMutationsApplied
W/dalvikvm(28981): VFY: unable to resolve static method 18193: Lcom/google/android/finsky/widget/recommendation/RecommendationsViewFactory;.notifyDataSetChanged (Landroid/content/Context;[I)V
D/dalvikvm(28981): VFY: replacing opcode 0x71 at 0x001c
D/Database(28981): dbopen(): path = /data/data/com.android.vending/databases/library.db, flag = 6, file size = 24576
D/StatusBarPolicy( 1516): Network Type: 2
I/keystore( 1257): uid: 1000 action: e -> 7 state: 2 -> 2 retry: 4
D/dalvikvm(28981): DexOpt: couldn't find field Landroid/content/res/Configuration;.smallestScreenWidthDp
W/dalvikvm(28981): VFY: unable to resolve instance field 47
D/dalvikvm(28981): VFY: replacing opcode 0x52 at 0x0013
D/dalvikvm(28981): VFY: dead code 0x0015-0016 in Lcom/google/android/finsky/api/DfeApiContext;.getSmallestScreenWidthDp (Landroid/content/Context;)Ljava/lang/String;
D/Database(28981): dbopen(): path = /data/data/com.android.vending/databases/localappstate.db, flag = 6, file size = 35840
I/keystore( 1257): uid: 1000 action: e -> 7 state: 2 -> 2 retry: 4
D/Database(28981): dbopen(): path = /data/data/com.android.vending/databases/library.db, mode: wal, disk free size: 619 M, handle: 0x3678f8
D/Database(28981): dbopen(): path = /data/data/com.android.vending/databases/localappstate.db, mode: wal, disk free size: 619 M, handle: 0x376678
D/dalvikvm(28981): GC_CONCURRENT freed 236K, 44% free 3367K/5959K, external 0K/0K, paused 7ms+2ms
D/Database(28981): dbclose(): path = /data/data/com.android.vending/databases/library.db, handle = 0x3678f8
D/Database(28981): dbclose(): path = /data/data/com.android.vending/databases/localappstate.db, handle = 0x376678
I/ActivityManager( 1359): No longer want com.htc.opensense (pid 26123): hidden #16
D/Process ( 1359): killProcessQuiet, pid=26123
D/Process ( 1359): dalvik.system.VMStack.getThreadStackTrace(Native Method)
D/Process ( 1359): java.lang.Thread.getStackTrace(Thread.java:745)
D/Process ( 1359): android.os.Process.killProcessQuiet(Process.java:827)
D/Process ( 1359): com.android.server.am.ActivityManagerService.updateOomAdjLocked(ActivityManagerService.java:14288)
D/Process ( 1359): com.android.server.am.ActivityManagerService.updateLruProcessInternalLocked(ActivityManagerService.java:1868)
D/Process ( 1359): com.android.server.am.ActivityManagerService.updateLruProcessLocked(ActivityManagerService.java:1875)
D/Process ( 1359): com.android.server.am.ActivityManagerService.processCurBroadcastLocked(ActivityManagerService.java:12593)
D/Process ( 1359): com.android.server.am.ActivityManagerService.processNextBroadcast(ActivityManagerService.java:13018)
D/Process ( 1359): com.android.server.am.ActivityManagerService.finishReceiver(ActivityManagerService.java:12425)
D/Process ( 1359): android.app.ActivityManagerNative.onTransact(ActivityManagerNative.java:346)
D/Process ( 1359): com.android.server.am.ActivityManagerService.onTransact(ActivityManagerService.java:1642)
D/Process ( 1359): android.os.Binder.execTransact(Binder.java:320)
D/Process ( 1359): dalvik.system.NativeStart.run(Native Method)
D/PackageEnabler(26249): action: android.intent.action.PACKAGE_ADDED, pkg: com.innominds.camerapreviewsample, disabled: false, replacing: true
I/keystore( 1257): uid: 1000 action: e -> 7 state: 2 -> 2 retry: 4
D/Finsky  (28981): [1] 2.run: Loaded library for account: [VrmJSFDXoJ6SvonR4nGHegpgnbs]
D/Finsky  (28981): [1] 2.run: Finished loading 1 libraries.
I/RosieUtility(26101): disable self killer: mEnabled=1
I/keystore( 1257): uid: 1000 action: e -> 7 state: 2 -> 2 retry: 4
I/RosieUtility(26101): enable self killer: mEnabled=0
I/RosieUtility(26101): disable self killer: mEnabled=1
D/HtcWidgetScanner(26101): packageUid - 10020
D/FxWidgetScanner(26101): create
D/FxWidgetScanner(26101): onHandleIntent update
D/FxWidgetScanner(26101): provider com.innominds.camerapreviewsample
D/FxWidgetScanner(26101): updateFxWidgetList
I/RosieUtility(26101): disable self killer: mEnabled=0
D/vicky   (26114): vicky received: android.intent.action.PACKAGE_ADDED
I/keystore( 1257): uid: 1000 action: e -> 7 state: 2 -> 2 retry: 4
I/ActivityManager( 1359): Start proc com.htc.opensense for broadcast com.htc.opensense/.pluginmanager.RegisterReceiver: pid=29004 uid=10003 gids={3003, 1006, 1015, 2001}
I/RosieUtility(26101): enable self killer: mEnabled=-1
D/FxWidgetScanner(26101): delete 0
D/FxWidgetScanner(26101): ResolveInfo size 0
I/RosieUtility(26101): enable self killer: mEnabled=0
I/keystore( 1257): uid: 1000 action: e -> 7 state: 2 -> 2 retry: 4
D/Process ( 1359): killProcessQuiet, pid=26130
D/Process ( 1359): dalvik.system.VMStack.getThreadStackTrace(Native Method)
D/Process ( 1359): java.lang.Thread.getStackTrace(Thread.java:745)
D/Process ( 1359): android.os.Process.killProcessQuiet(Process.java:827)
D/Process ( 1359): com.android.server.am.ActivityManagerService.updateOomAdjLocked(ActivityManagerService.java:14288)
D/Process ( 1359): com.android.server.am.ActivityManagerService.updateLruProcessInternalLocked(ActivityManagerService.java:1868)
D/Process ( 1359): com.android.server.am.ActivityManagerService.updateLruProcessLocked(ActivityManagerService.java:1875)
D/Process ( 1359): com.android.server.am.ActivityManagerService.realStartServiceLocked(ActivityManagerService.java:10479)
D/Process ( 1359): com.android.server.am.ActivityManagerService.bringUpServiceLocked(ActivityManagerService.java:10664)
D/Process ( 1359): com.android.server.am.ActivityManagerService.startServiceLocked(ActivityManagerService.java:10874)
D/Process ( 1359): com.android.server.am.ActivityManagerService.startService(ActivityManagerService.java:10892)
D/Process ( 1359): android.app.ActivityManagerNative.onTransact(ActivityManagerNative.java:613)
D/Process ( 1359): com.android.server.am.ActivityManagerService.onTransact(ActivityManagerService.java:1642)
D/Process ( 1359): android.os.Binder.execTransact(Binder.java:320)
D/Process ( 1359): dalvik.system.NativeStart.run(Native Method)
I/ActivityManager( 1359): No longer want com.android.smith (pid 26130): hidden #16
D/Process ( 1359): killProcessQuiet, pid=28289
D/Process ( 1359): dalvik.system.VMStack.getThreadStackTrace(Native Method)
D/Process ( 1359): java.lang.Thread.getStackTrace(Thread.java:745)
D/Process ( 1359): android.os.Process.killProcessQuiet(Process.java:827)
D/Process ( 1359): com.android.server.am.ActivityManagerService.updateOomAdjLocked(ActivityManagerService.java:14288)
D/Process ( 1359): com.android.server.am.ActivityManagerService.updateLruProcessInternalLocked(ActivityManagerService.java:1868)
D/Process ( 1359): com.android.server.am.ActivityManagerService.updateLruProcessLocked(ActivityManagerService.java:1875)
D/Process ( 1359): com.android.server.am.ActivityManagerService.processCurBroadcastLocked(ActivityManagerService.java:12593)
D/Process ( 1359): com.android.server.am.ActivityManagerService.processNextBroadcast(ActivityManagerService.java:13018)
D/Process ( 1359): com.android.server.am.ActivityManagerService.finishReceiver(ActivityManagerService.java:12425)
D/Process ( 1359): android.app.ActivityManagerNative.onTransact(ActivityManagerNative.java:346)
D/Process ( 1359): com.android.server.am.ActivityManagerService.onTransact(ActivityManagerService.java:1642)
D/Process ( 1359): android.os.Binder.execTransact(Binder.java:320)
D/Process ( 1359): dalvik.system.NativeStart.run(Native Method)
I/ActivityManager( 1359): No longer want com.htc.bg (pid 28289): hidden #16
I/keystore( 1257): uid: 1000 action: e -> 7 state: 2 -> 2 retry: 4
W/ActivityManager( 1359): Exception when sending broadcast to ComponentInfo{com.android.smith/com.android.smith.PackageReceiver}
W/ActivityManager( 1359): android.os.DeadObjectException
W/ActivityManager( 1359): 	at android.os.BinderProxy.transact(Native Method)
W/ActivityManager( 1359): 	at android.app.ApplicationThreadProxy.scheduleReceiver(ApplicationThreadNative.java:580)
W/ActivityManager( 1359): 	at com.android.server.am.ActivityManagerService.processCurBroadcastLocked(ActivityManagerService.java:12608)
W/ActivityManager( 1359): 	at com.android.server.am.ActivityManagerService.processNextBroadcast(ActivityManagerService.java:13018)
W/ActivityManager( 1359): 	at com.android.server.am.ActivityManagerService.finishReceiver(ActivityManagerService.java:12425)
W/ActivityManager( 1359): 	at android.app.ActivityManagerNative.onTransact(ActivityManagerNative.java:346)
W/ActivityManager( 1359): 	at com.android.server.am.ActivityManagerService.onTransact(ActivityManagerService.java:1642)
W/ActivityManager( 1359): 	at android.os.Binder.execTransact(Binder.java:320)
W/ActivityManager( 1359): 	at dalvik.system.NativeStart.run(Native Method)
E/ActivityManager( 1359): Fix ANR:broadcast when App died
I/RegisterService(29004): android.intent.action.PACKAGE_ADDED package:com.innominds.camerapreviewsample
I/ActivityManager( 1359): Start proc com.android.smith for broadcast com.android.smith/.PackageReceiver: pid=29012 uid=10140 gids={1007, 1015}
I/ActivityManager( 1359): Process com.android.smith (pid 26130) has died and restarted (pid 29012).
I/SM:lib  (29012): JNI_OnLoad(): library version = 5
I/SM:lib  (29012): JNI_OnLoad(): result = 0x10004
D/SM:HtcNative(29012): system lib, 4.0.gingerbread.GRJ90-ace-l5-s16
D/SM:PackageReceiver(29012): package added: package:com.innominds.camerapreviewsample
W/ActivityManager( 1359): finishReceiver called but state is IDLE
I/keystore( 1257): uid: 1000 action: e -> 7 state: 2 -> 2 retry: 4
W/Finsky  (28981): [1] LibraryUpdateListener.onErrorResponse: Library replication failed: com.google.android.finsky.utils.BgDataDisabledError
D/StatusBarPolicy( 1516): Network Type: 2
I/keystore( 1257): uid: 1000 action: e -> 7 state: 2 -> 2 retry: 4
D/GTalkService( 7853): handlePackageInstalled: re-initialize providers
D/GTalkService( 7853): [RawStanzaProvidersMgr] ##### searchProvidersFromIntent
D/GTalkService( 7853): [RawStanzaProvidersMgr] no intent receivers found
I/keystore( 1257): uid: 1000 action: e -> 7 state: 2 -> 2 retry: 4
I/ActivityManager( 1359): Start proc com.google.android.apps.authenticator for broadcast com.google.android.apps.authenticator/.NewAppInstallListener: pid=29022 uid=10091 gids={}
W/Finsky  (28981): [1] LibraryUpdateListener.onErrorResponse: Library replication failed: com.google.android.finsky.utils.BgDataDisabledError
D/Database(28981): dbopen(): path = /data/data/com.android.vending/databases/library.db, flag = 6, file size = 24576
E/dalvikvm(29022): Could not find class 'android.test.RenamingDelegatingContext', referenced from method com.google.android.apps.authenticator.testability.DependencyInjector.resetForIntegrationTesting
W/dalvikvm(29022): VFY: unable to resolve new-instance 52 (Landroid/test/RenamingDelegatingContext;) in Lcom/google/android/apps/authenticator/testability/DependencyInjector;
D/dalvikvm(29022): VFY: replacing opcode 0x22 at 0x0017
D/dalvikvm(29022): VFY: dead code 0x0019-0024 in Lcom/google/android/apps/authenticator/testability/DependencyInjector;.resetForIntegrationTesting (Landroid/content/Context;)V
I/keystore( 1257): uid: 1000 action: e -> 7 state: 2 -> 2 retry: 4
D/Database(28981): dbopen(): path = /data/data/com.android.vending/databases/library.db, mode: wal, disk free size: 619 M, handle: 0x387990
I/keystore( 1257): uid: 1000 action: e -> 7 state: 2 -> 2 retry: 4
I/ActivityManager( 1359): Start proc com.facebook.katana for service com.facebook.katana/.service.MediaUploadService: pid=29031 uid=10027 gids={3003, 1006, 1015}
D/CSUtil  (28939): serverTime = 1375121907773
D/CSUtil  (28939): serverTime = 118839
D/CSUtil  (28939): curGMTTime = 36602731
D/dalvikvm(28965): GC_CONCURRENT freed 1073K, 33% free 7182K/10567K, external 0K/0K, paused 2ms+33ms
D/dalvikvm(29031): GC_CONCURRENT freed 131K, 43% free 3217K/5639K, external 0K/0K, paused 6ms+5ms
D/dalvikvm( 1359): GC_CONCURRENT freed 1925K, 31% free 10058K/14535K, external 2224K/2777K, paused 18ms+21ms
D/dalvikvm(29031): GC_CONCURRENT freed 123K, 40% free 3653K/6087K, external 0K/0K, paused 3ms+10ms
D/dalvikvm(29031): GC_CONCURRENT freed 101K, 39% free 3989K/6471K, external 0K/0K, paused 4ms+2ms
I/ActivityManager( 1359): Starting activity: Intent { act=android.intent.action.MAIN cat=[android.intent.category.LAUNCHER] flg=0x10200000 cmp=com.innominds.camerapreviewsample/.MainActivity } from pid 1570
D/Database(28981): dbclose(): path = /data/data/com.android.vending/databases/library.db, handle = 0x387990
D/WindowManagerImpl( 1359): addView, new view, mViews[1]: com.android.internal.policy.impl.PhoneWindow$DecorView@40c795b0
D/PhoneWindow( 1570): couldn't save which view has focus because the focused view com.android.internal.policy.impl.PhoneWindow$DecorView@4056f2d8 has no id.
I/keystore( 1257): uid: 1000 action: e -> 7 state: 2 -> 2 retry: 4
I/EsService(28965): readResults: read results: 2, lastRequestId: 2
I/keystore( 1257): uid: 1000 action: e -> 7 state: 2 -> 2 retry: 4
I/ActivityManager( 1359): Start proc com.innominds.camerapreviewsample for activity com.innominds.camerapreviewsample/.MainActivity: pid=29040 uid=10020 gids={1006, 1015}
I/keystore( 1257): uid: 1000 action: e -> 7 state: 2 -> 2 retry: 4
I/keystore( 1257): uid: 1000 action: e -> 7 state: 2 -> 2 retry: 4
D/SensorService( 1359): enable: get sensor name = BMA150 3-axis Accelerometer
D/Sensors ( 1359): Enable akm: en = 1
D/SensorService( 1359): SensorDevice::activate--: handle = 0x0, enabled = 0x1
D/SensorService( 1359): enable: sensor->activate return value = 0x0
D/SensorService( 1359): enable: calling mActiveSensors.add(handle, rec) = (0x0, 0x48c528)
D/SensorService( 1359): enable: mActiveConnections.indexOf(connection) = 0x0
D/SensorService( 1359): pid=1359, uid=1000
D/ACRA    (29031): Retrieve SharedPreferences ACRA
D/AK8975  ( 1260): Compass Start
D/AK8975  ( 1260): Ignore M_Sensor: (y, p, r) = ( 337,  -16,   12), Status = 2
V/WindowManager( 1359): Starting animation in AppWindowToken{408c9100 token=HistoryRecord{4088c0f8 com.htc.launcher/.Launcher}} @ 147114946
V/WindowManager( 1359): Finished animation in AppWindowToken{408c9100 token=HistoryRecord{4088c0f8 com.htc.launcher/.Launcher}} @ 147114946
D/ACRA    (29031): Set OnSharedPreferenceChangeListener.
D/ACRA    (29031): ACRA is enabled for com.facebook.katana, intializing...
V/WindowManager( 1359): Starting animation in AppWindowToken{40e1d618 token=HistoryRecord{40550f20 com.innominds.camerapreviewsample/.MainActivity}} @ 147114946
I/keystore( 1257): uid: 1000 action: e -> 7 state: 2 -> 2 retry: 4
I/keystore( 1257): uid: 1000 action: e -> 7 state: 2 -> 2 retry: 4
I/keystore( 1257): uid: 1000 action: e -> 7 state: 2 -> 2 retry: 4
W/dalvikvm( 1570): disableGcForExternalAlloc: false
I/keystore( 1257): uid: 1000 action: e -> 7 state: 2 -> 2 retry: 4
D/ACRA    (29031): Looking for error files in /data/data/com.facebook.katana/app_acra-reports
I/keystore( 1257): uid: 1000 action: e -> 7 state: 2 -> 2 retry: 4
I/keystore( 1257): uid: 1000 action: e -> 7 state: 2 -> 2 retry: 4
V/ACRA    (29031): About to start ReportSenderWorker from #checkReportOnApplicationStart
I/keystore( 1257): uid: 1000 action: e -> 7 state: 2 -> 2 retry: 4
V/WindowManager( 1359): Finished animation in AppWindowToken{40e1d618 token=HistoryRecord{40550f20 com.innominds.camerapreviewsample/.MainActivity}} @ 147115269
D/ATRecorder(29040): com.htc.autotest.dlib.RecordEngine in loader dalvik.system.DexClassLoader@40526c90
D/ACRA    (29031): Add user comment to null
D/ACRA    (29031): #checkAndSendReports - start
D/ACRA    (29031): Looking for error files in /data/data/com.facebook.katana/app_acra-reports
I/ACRA    (29031): Sending file 1377510637000-149649-approved.stacktrace
W/dalvikvm(29031): VFY: unable to find class referenced in signature (Ldalvik/system/BaseDexClassLoader;)
I/keystore( 1257): uid: 1000 action: e -> 7 state: 2 -> 2 retry: 4
E/dalvikvm(29031): Could not find class 'dalvik.system.BaseDexClassLoader', referenced from method com.facebook.dex_tricks.SystemClassLoaderAdder.a
W/dalvikvm(29031): VFY: unable to resolve const-class 8797 (Ldalvik/system/BaseDexClassLoader;) in Lcom/facebook/dex_tricks/SystemClassLoaderAdder;
D/dalvikvm(29031): VFY: replacing opcode 0x1c at 0x0000
D/dalvikvm(29031): VFY: dead code 0x0002-0008 in Lcom/facebook/dex_tricks/SystemClassLoaderAdder;.a (Ldalvik/system/BaseDexClassLoader;)Ljava/lang/Object;
W/dalvikvm(29031): VFY: unable to find class referenced in signature (Ldalvik/system/BaseDexClassLoader;)
W/dalvikvm(29031): VFY: unable to find class referenced in signature (Ldalvik/system/BaseDexClassLoader;)
D/WindowManagerImpl(29040): addView, new view, mViews[0]: com.android.internal.policy.impl.PhoneWindow$DecorView@40521580
W/dalvikvm(29031): VFY: unable to find class referenced in signature (Ldalvik/system/BaseDexClassLoader;)
I/RegisterService(29004): android.intent.action.PACKAGE_REPLACED package:com.innominds.camerapreviewsample
D/SM:PackageReceiver(29012): package replaced: package:com.innominds.camerapreviewsample
D/ACRA    (29031): Connect to https://www.facebook.com/mobile/android_crash_logs/
D/DexLibLoader(29031): Deleting old version: /data/data/com.facebook.katana/app_dex/guava-10.0.1-fork.dex.0.jar
W/InputManagerService( 1359): [unbindCurrentClientLocked] Disable input method client.
W/InputManagerService( 1359): [startInputLocked] Enable input method client.
I/keystore( 1257): uid: 1000 action: e -> 7 state: 2 -> 2 retry: 4
I/keystore( 1257): uid: 1000 action: e -> 7 state: 2 -> 2 retry: 4
D/dalvikvm(29031): GC_CONCURRENT freed 388K, 40% free 4160K/6855K, external 0K/0K, paused 2ms+4ms
D/DexLibLoader(29031): Deleting old version: /data/data/com.facebook.katana/app_dex/guava-10.0.1-fork.dex.1.jar
D/WindowManagerImpl( 1359): finishRemoveViewLocked, mViews[1]: com.android.internal.policy.impl.PhoneWindow$DecorView@40c795b0
I/ActivityManager( 1359): Displayed com.innominds.camerapreviewsample/.MainActivity: +823ms
V/ActivityManager( 1359): Checking to restart com.innominds.camerapreviewsample.MainActivity: changed=0x0, handles=0x0
V/ActivityManager( 1359): oldConfig={ scale=1.0 imsi=404/49 loc=en_IN touch=3 keys=1/1/2 nav=1/1 orien=1 layout=34 uiMode=17 seq=99 skin=default fontsize=3}
V/ActivityManager( 1359): newConfig={ scale=1.0 imsi=404/49 loc=en_IN touch=3 keys=1/1/2 nav=1/1 orien=1 layout=34 uiMode=17 seq=99 skin=default fontsize=3}
I/keystore( 1257): uid: 1000 action: e -> 7 state: 2 -> 2 retry: 4
D/DexLibLoader(29031): Deleting old version: /data/data/com.facebook.katana/app_dex/jackson-core-2.0.5.dex.0.jar
D/DexLibLoader(29031): Deleting old version: /data/data/com.facebook.katana/app_dex/jackson-core-2.0.5.dex.1.jar
D/DexLibLoader(29031): Deleting old version: /data/data/com.facebook.katana/app_dex/jackson-core-2.0.5.dex.2.jar
E/ACRA    (29031): Failed to send crash report for 1377510637000-149649-approved.stacktrace
E/ACRA    (29031): org.acra.sender.ReportSenderException: Error while sending report to Http Post Form.
E/ACRA    (29031): 	at org.acra.sender.HttpPostSender.send(HttpPostSender.java:105)
E/ACRA    (29031): 	at org.acra.ErrorReporter.sendCrashReport(ErrorReporter.java:1122)
E/ACRA    (29031): 	at org.acra.ErrorReporter.checkAndSendReports(ErrorReporter.java:1281)
E/ACRA    (29031): 	at org.acra.ErrorReporter$ReportsSenderWorker.run(ErrorReporter.java:158)
E/ACRA    (29031): Caused by: java.net.UnknownHostException: www.facebook.com
E/ACRA    (29031): 	at java.net.InetAddress.lookupHostByName(InetAddress.java:503)
E/ACRA    (29031): 	at java.net.InetAddress.getAllByNameImpl(InetAddress.java:300)
E/ACRA    (29031): 	at java.net.InetAddress.getAllByName(InetAddress.java:259)
E/ACRA    (29031): 	at org.apache.harmony.luni.internal.net.www.protocol.http.HttpConnection.<init>(HttpConnection.java:69)
E/ACRA    (29031): 	at org.apache.harmony.luni.internal.net.www.protocol.http.HttpConnection.<init>(HttpConnection.java:48)
E/ACRA    (29031): 	at org.apache.harmony.luni.internal.net.www.protocol.http.HttpConnection$Address.connect(HttpConnection.java:322)
E/ACRA    (29031): 	at org.apache.harmony.luni.internal.net.www.protocol.http.HttpConnectionPool.get(HttpConnectionPool.java:89)
E/ACRA    (29031): 	at org.apache.harmony.luni.internal.net.www.protocol.http.HttpURLConnectionImpl.getHttpConnection(HttpURLConnectionImpl.java:285)
E/ACRA    (29031): 	at org.apache.harmony.luni.internal.net.www.protocol.http.HttpURLConnectionImpl.makeConnection(HttpURLConnectionImpl.java:267)
E/ACRA    (29031): 	at org.apache.harmony.luni.internal.net.www.protocol.https.HttpsURLConnectionImpl$HttpsEngine.makeSslConnection(HttpsURLConnectionImpl.java:406)
E/ACRA    (29031): 	at org.apache.harmony.luni.internal.net.www.protocol.https.HttpsURLConnectionImpl$HttpsEngine.makeConnection(HttpsURLConnectionImpl.java:387)
E/ACRA    (29031): 	at org.apache.harmony.luni.internal.net.www.protocol.http.HttpURLConnectionImpl.connect(HttpURLConnectionImpl.java:205)
E/ACRA    (29031): 	at org.apache.harmony.luni.internal.net.www.protocol.http.HttpURLConnectionImpl.getOutputStream(HttpURLConnectionImpl.java:614)
E/ACRA    (29031): 	at org.apache.harmony.luni.internal.net.www.protocol.https.HttpsURLConnectionImpl.getOutputStream(HttpsURLConnectionImpl.java:268)
E/ACRA    (29031): 	at org.acra.util.HttpRequest.sendPost(HttpRequest.java:49)
E/ACRA    (29031): 	at org.acra.util.HttpUtils.doPost(HttpUtils.java:67)
E/ACRA    (29031): 	at org.acra.sender.HttpPostSender.send(HttpPostSender.java:103)
E/ACRA    (29031): 	... 3 more
D/ACRA    (29031): #checkAndSendReports - finish
I/keystore( 1257): uid: 1000 action: e -> 7 state: 2 -> 2 retry: 4
D/DexLibLoader(29031): Deleting old version: /data/data/com.facebook.katana/app_dex/jackson-databind-2.0.5.dex.0.jar
D/DexLibLoader(29031): Deleting old version: /data/data/com.facebook.katana/app_dex/jackson-databind-2.0.5.dex.1.jar
D/DexLibLoader(29031): Deleting old version: /data/data/com.facebook.katana/app_dex/jackson-databind-2.0.5.dex.2.jar
D/DexLibLoader(29031): Deleting old version: /data/data/com.facebook.katana/app_dex/jackson-databind-2.0.5.dex.3.jar
D/dalvikvm(28348): GC_CONCURRENT freed 288K, 45% free 3294K/5895K, external 0K/0K, paused 41ms+4ms
I/keystore( 1257): uid: 1000 action: e -> 7 state: 2 -> 2 retry: 4
I/PackageManager( 1359):  setEnabledSetting(), pkgName=com.google.android.apps.maps, clsName=com.google.android.maps.driveabout.app.DestinationActivity, state=1, flag=1, pid=28490, uid=10051
I/keystore( 1257): uid: 1000 action: e -> 7 state: 2 -> 2 retry: 4
I/ActivityManager( 1359): Start proc com.google.android.apps.enterprise.dmagent for broadcast com.google.android.apps.enterprise.dmagent/.AppUpdateReceiver: pid=29070 uid=10117 gids={3003, 1015}
I/keystore( 1257): uid: 1000 action: e -> 7 state: 2 -> 2 retry: 4
D/DexLibLoader(29031): Deleting old version: /data/data/com.facebook.katana/app_dex/jackson-datatype-guava-2.0.4.dex.0.jar
D/DexLibLoader(29031): Deleting old version: /data/data/com.facebook.katana/app_dex/jackson-datatype-guava-2.0.4.dex.1.jar
D/DexLibLoader(29031): Deleting old version: /data/data/com.facebook.katana/app_dex/jackson-datatype-guava-2.0.4.dex.2.jar
I/keystore( 1257): uid: 1000 action: e -> 7 state: 2 -> 2 retry: 4
D/Database(12377): dbopen(): path = /data/data/com.google.android.gms/databases/gcore_ulr_UlrLocation.db, flag = 6, file size = 5120
I/keystore( 1257): uid: 1000 action: e -> 7 state: 2 -> 2 retry: 4
V/DMAgent (29070): Came into broadcast receiver AppUpdateReceiver.
I/DMAgent (29070): DMAgent app has been replaced.
D/Database(12377): dbopen(): path = /data/data/com.google.android.gms/databases/gcore_ulr_UlrLocation.db, mode: wal, disk free size: 619 M, handle: 0x3658a0
I/keystore( 1257): uid: 1000 action: e -> 7 state: 2 -> 2 retry: 4
D/DexLibLoader(29031): Deleting old version: /data/data/com.facebook.katana/app_dex/json_simple-1.1.dex.0.jar
D/DexLibLoader(29031): Deleting old version: /data/data/com.facebook.katana/app_dex/json_simple-1.1.dex.1.jar
I/keystore( 1257): uid: 1000 action: e -> 7 state: 2 -> 2 retry: 4
I/ActivityManager( 1359): Start proc com.google.android.googlequicksearchbox for broadcast com.google.android.googlequicksearchbox/.SourceUpdateReceiver: pid=29077 uid=10013 gids={3003}
D/Database(12377): dbclose(): path = /data/data/com.google.android.gms/databases/gcore_ulr_UlrLocation.db, handle = 0x3658a0
D/Database(12377): dbopen(): path = /data/data/com.google.android.gms/databases/gcore_ulr_ActivityDetection.db, flag = 6, file size = 5120
I/keystore( 1257): uid: 1000 action: e -> 7 state: 2 -> 2 retry: 4
I/keystore( 1257): uid: 1000 action: e -> 7 state: 2 -> 2 retry: 4
D/Database(12377): dbopen(): path = /data/data/com.google.android.gms/databases/gcore_ulr_ActivityDetection.db, mode: wal, disk free size: 619 M, handle: 0x3658a0
D/DexLibLoader(29031): Deleting old version: /data/data/com.facebook.katana/app_dex/json-path-0.5.4-FB-Custom.dex.0.jar
D/DexLibLoader(29031): Deleting old version: /data/data/com.facebook.katana/app_dex/json-path-0.5.4-FB-Custom.dex.1.jar
I/ActivityThread(29077): Pub com.google.android.googlequicksearchbox.shortcuts: com.google.android.googlequicksearchbox.WebHistoryProvider
I/ActivityThread(29077): Pub com.google.android.googlequicksearchbox.google: com.google.android.googlequicksearchbox.google.GoogleSuggestionProvider
I/keystore( 1257): uid: 1000 action: e -> 7 state: 2 -> 2 retry: 4
I/keystore( 1257): uid: 1000 action: e -> 7 state: 2 -> 2 retry: 4
D/Database(12377): dbclose(): path = /data/data/com.google.android.gms/databases/gcore_ulr_ActivityDetection.db, handle = 0x3658a0
D/DexLibLoader(29031): Deleting old version: /data/data/com.facebook.katana/app_dex/diffutils-1.2.1.dex.0.jar
D/DexLibLoader(29031): Deleting old version: /data/data/com.facebook.katana/app_dex/diffutils-1.2.1.dex.1.jar
D/Database(29077): dbopen(): path = /data/data/com.google.android.googlequicksearchbox/databases/qsb-history.db, flag = 6, file size = 6144
I/keystore( 1257): uid: 1000 action: e -> 7 state: 2 -> 2 retry: 4
I/keystore( 1257): uid: 1000 action: e -> 7 state: 2 -> 2 retry: 4
I/Database(29077): sqlite returned: error code = 0, msg = Recovered 6 frames from WAL file /data/data/com.google.android.googlequicksearchbox/databases/qsb-history.db-wal
I/GCoreUlr(12377): Ensuring that reporting is stopped because of reasons: {account#-4#=[InactiveReason{mVersionCode=0, mIdentifier=1, mName='UnsupportedOs'}, InactiveReason{mVersionCode=0, mIdentifier=2, mName='DeferringToGmm'}]}
D/Database(29077): dbopen(): path = /data/data/com.google.android.googlequicksearchbox/databases/qsb-history.db, mode: wal, disk free size: 619 M, handle: 0x34b2e8
I/keystore( 1257): uid: 1000 action: e -> 7 state: 2 -> 2 retry: 4
I/GCoreUlr(12377): Unbound from all location providers
I/keystore( 1257): uid: 1000 action: e -> 7 state: 2 -> 2 retry: 4
D/DexLibLoader(29031): Deleting old version: /data/data/com.facebook.katana/app_dex/nine_old_androids.dex.0.jar
D/DexLibLoader(29031): Deleting old version: /data/data/com.facebook.katana/app_dex/nine_old_androids.dex.1.jar
D/DexLibLoader(29031): Deleting old version: /data/data/com.facebook.katana/app_dex/nine_old_androids.dex.2.jar
D/DexLibLoader(29031): Deleting old version: /data/data/com.facebook.katana/app_dex/nine_old_androids.dex.3.jar
V/DexLibLoader(29031): Preparing secondary program dexes.
D/Digital Clock(26061): Update broadcast received.
I/keystore( 1257): uid: 1000 action: e -> 7 state: 2 -> 2 retry: 4
V/DexLibLoader(29031): Loaded 1 raw lines of metadata.
V/DexLibLoader(29031): Secondary program dex metadata: secondary-1.dex.jar 60bb0c05a90f77eac50eef50096660d7a9fdec91 com.facebook.device.CpuCapabilities
I/keystore( 1257): uid: 1000 action: e -> 7 state: 2 -> 2 retry: 4
I/ActivityManager( 1359): Start proc com.google.android.apps.maps:LocationFriendService for broadcast com.google.android.apps.maps/com.google.googlenav.friend.reporting.LocationReportingIntentReceiver: pid=29100 uid=10051 gids={3003, 1015}
D/AppWidgetHostView( 1570): updateAppWidget mInfo = AppWidgetProviderInfo(provider=ComponentInfo{com.maize.digitalClock/com.maize.digitalClock.ClockWidget})
V/DexLibLoader(29031): Preparing to extract secondary-1.dex.jar to /data/data/com.facebook.katana/app_secondary_program_dex/program-60bb0c05a90f77eac50eef50096660d7a9fdec91.dex.jar
V/DexLibLoader(29031): Dex already copied
V/DexLibLoader(29031): Creating class loader
V/DexLibLoader(29031): Finished creating class loader
V/DexLibLoader(29031): Veryfing classes from secondary dexes.
D/dalvikvm(28981): GC_CONCURRENT freed 144K, 41% free 3660K/6151K, external 0K/0K, paused 2ms+171ms
D/dalvikvm(29031): Trying to load lib /data/data/com.facebook.katana/lib/libfb_cpucapabilities.so 0x405275e8
D/dalvikvm(29031): Added shared lib /data/data/com.facebook.katana/lib/libfb_cpucapabilities.so 0x405275e8
D/dalvikvm(29031): No JNI_OnLoad found in /data/data/com.facebook.katana/lib/libfb_cpucapabilities.so 0x405275e8, skipping init
D/dalvikvm(29100): GC_CONCURRENT freed 141K, 44% free 3207K/5639K, external 0K/0K, paused 6ms+2ms
I/keystore( 1257): uid: 1000 action: e -> 7 state: 2 -> 2 retry: 4
V/DexLibLoader(29031): Dex already copied
V/DexLibLoader(29031): Creating class loader
I/keystore( 1257): uid: 1000 action: e -> 7 state: 2 -> 2 retry: 4
I/dalvikvm(29031): Total arena pages for JIT: 11
V/DexLibLoader(29031): Finished creating class loader
D/DexLibLoader(29031): DexLibLoader.ensureDex took 167 ms
D/dalvikvm(29031): Trying to load lib /data/data/com.facebook.katana/lib/libfb_dalvik-internals.so 0x405275e8
D/dalvikvm(29031): Added shared lib /data/data/com.facebook.katana/lib/libfb_dalvik-internals.so 0x405275e8
D/Database(29100): dbopen(): path = /data/data/com.google.android.apps.maps/databases/webview.db, flag = 6, file size = 15360
D/dalvikvm(29031): GC_CONCURRENT freed 396K, 40% free 4223K/6983K, external 0K/0K, paused 2ms+3ms
I/dalvik-internals(29031): Successfully looked up JNI_GetCreatedJavaVMs
I/dalvik-internals(29031): Successfully looked up gDvm
E/dalvik-internals(29031): Failed to look up ladDumpProfiles
E/dalvik-internals(29031): Failed to look up ladResetProfiles
E/dalvik-internals(29031): Failed to look up ladPrintHeaderInfo
I/dalvik-internals(29031): gDvm has value 0x800acdc8.  Searching for vmList (initial offset in [704,1480]).
I/dalvik-internals(29031): Beginning search.  Actual offset in [704,1444].
I/dalvik-internals(29031): Found vmList at offset 748.
D/dalvik-internals(29031): Evaluating LinearAllocHdr candidate at 0x12608.
I/dalvik-internals(29031): Found LinearAllocHdr at expected offset from vmList.
D/Database(28348): dbopen(): path = /data/data/com.google.android.gms/databases/games_84a4649c.db, flag = 6, file size = 50176
I/Database(29100): sqlite returned: error code = 0, msg = Recovered 15 frames from WAL file /data/data/com.google.android.apps.maps/databases/webview.db-wal
D/Database(29100): dbopen(): path = /data/data/com.google.android.apps.maps/databases/webview.db, mode: wal, disk free size: 619 M, handle: 0x34ef70
I/webviewdatabase(29100): Upgrading database from version 10 to 11, which will destroy old data
D/View    (29040): onTouchEvent: viewFlags: 0x18004001
D/View    (29040): onTouchEvent: isFocusable: true, isFocusableInTouchMode: false, isFocused: false; focusTaken: false
D/Database(28348): dbopen(): path = /data/data/com.google.android.gms/databases/games_84a4649c.db, mode: delete, disk free size: 619 M, handle: 0x3a8e68
I/keystore( 1257): uid: 1000 action: e -> 7 state: 2 -> 2 retry: 4
I/ActivityManager( 1359): Starting activity: Intent { cmp=com.innominds.camerapreviewsample/.CameraPreviewSampleActivity } from pid 29040
D/ATRecorder(29040): com.htc.autotest.dlib.RecordEngine in loader dalvik.system.DexClassLoader@40530468
D/dalvikvm(28981): GC_CONCURRENT freed 124K, 39% free 3991K/6471K, external 0K/0K, paused 4ms+3ms
D/Database(29100): dbopen(): path = /data/data/com.google.android.apps.maps/databases/webviewCache.db, flag = 6, file size = 6144
I/Database(29100): sqlite returned: error code = 0, msg = Recovered 6 frames from WAL file /data/data/com.google.android.apps.maps/databases/webviewCache.db-wal
D/Database(29100): dbopen(): path = /data/data/com.google.android.apps.maps/databases/webviewCache.db, mode: wal, disk free size: 619 M, handle: 0x361170
D/CameraService( 1253): CameraService::connect E (pid 29040, id 0), max 1
I/CameraService( 1253): cameraId:0
I/CameraService( 1253): Main Camera Only
I/CameraService( 1253): 2D mode only
I/QualcommCameraHardware( 1253): openCameraHardware: call createInstance cameraId 0
D/QualcommCameraHardware( 1253): createInstance: E
D/Database(28348): dbopen(): sqlite3_exec to set journal_mode to WAL for /data/data/com.google.android.gms/databases/games_84a4649c.db
I/ActivityThread(29031): Pub com.facebook.katana.provider.AttributionIdProvider: com.facebook.katana.provider.AttributionIdProvider
D/CameraPP( 1253): CameraPP::CameraPP()
D/SDO_PP  ( 1253): SDO_PP::SDO_PP()
I/keystore( 1257): uid: 1000 action: e -> 7 state: 2 -> 2 retry: 4
I/OlaEngine( 1253): [Ola_Engine_Create:79] engine build info [ name ] : htc
I/OlaEngine( 1253): [Ola_Engine_Create:83] engine build info [ date ] : 2011-07-28 13:07:31
I/OlaEngine( 1253): [Ola_Engine_Create:87] engine build info [ version ] : __bulid_revision_223__ 
D/CameraFace_OLA( 1253): create OlaEngine
I/FD      ( 1253): [Ola_FaceDetector_Create:135] create num : 1
D/CameraFace_OLA( 1253): create Ola FD
V/Olaworks( 1253): [Ola_BeautyShotEngine_Create] prr(0x000f5438)
D/CameraFace_OLA( 1253): create Ola BS
D/CameraFace_OLA( 1253): create Ola SD
D/CameraFace_OLA( 1253): create Ola BD
D/QualcommCameraHardware( 1253):  Storing the current target type as 2 
D/QualcommCameraHardware( 1253): constructor EX
D/QualcommCameraHardware( 1253): startCamera E
W/dalvikvm(29031): VFY: unable to find class referenced in signature (Landroid/os/CancellationSignal;)
I/dalvikvm(29031): Could not find method android.content.ContentProvider.onTrimMemory, referenced from method com.facebook.content.AbstractContentProvider.onTrimMemory
W/dalvikvm(29031): VFY: unable to resolve virtual method 234: Landroid/content/ContentProvider;.onTrimMemory (I)V
D/dalvikvm(29031): VFY: replacing opcode 0x6f at 0x000c
D/dalvikvm(29031): VFY: dead code 0x000f-0012 in Lcom/facebook/content/AbstractContentProvider;.onTrimMemory (I)V
W/dalvikvm(29031): VFY: unable to find class referenced in signature (Landroid/os/CancellationSignal;)
W/dalvikvm(29031): VFY: unable to find class referenced in signature (Landroid/os/CancellationSignal;)
I/ActivityThread(29031): Pub com.facebook.katana.provider.DetectedPhotoProvider: com.facebook.katana.provider.DetectedPhotoProvider
I/ActivityThread(29031): Pub com.facebook.katana.provider.OrcaSharedPrefsProvider: com.facebook.katana.provider.orca.OrcaSharedPreferencesContentProvider
I/ActivityThread(29031): Pub com.facebook.katana.provider.UserStatusesProvider: com.facebook.katana.provider.UserStatusesProvider
I/ActivityThread(29031): Pub com.facebook.katana.provider.LocalPhotoTagProvider: com.facebook.katana.provider.LocalPhotoTagProvider
I/ActivityThread(29031): Pub com.facebook.katana.provider.LocalFaceboxProvider: com.facebook.katana.provider.LocalFaceboxProvider
D/QualcommCameraHardware( 1253): loading liboemcamera at 0xb000ee28
I/QualcommCameraHardware( 1253): Set main cam and main cam only
I/mm-camera( 1253): set sensor selection :0
I/ActivityThread(29031): Pub com.facebook.katana.provider.BookmarkProvider: com.facebook.bookmark.provider.BookmarkProvider
I/ActivityThread(29031): Pub com.facebook.katana.provider.MessagesForegroundProvider: com.facebook.katana.provider.orca.MessengerForegroundProvider
I/keystore( 1257): uid: 1000 action: e -> 7 state: 2 -> 2 retry: 4
I/ActivityThread(29031): Pub com.facebook.katana.provider.LocalCropInfoProvider: com.facebook.katana.provider.LocalCropInfoProvider
I/ActivityThread(29031): Pub com.facebook.katana.provider.PagesProvider: com.facebook.katana.provider.PagesProvider
I/ActivityThread(29031): Pub com.facebook.katana.provider.PushNotificationsProvider: com.facebook.katana.provider.PushNotificationsProvider
I/ActivityThread(29031): Pub com.facebook.katana.provider.PhotosProvider: com.facebook.katana.provider.PhotosProvider
I/ActivityThread(29031): Pub com.facebook.katana.provider.ConnectionsProvider: com.facebook.katana.provider.ConnectionsProvider
D/dalvikvm(29100): GC_CONCURRENT freed 231K, 43% free 3493K/6023K, external 0K/0K, paused 3ms+3ms
I/ActivityThread(29031): Pub com.facebook.katana.provider.LoggingProvider: com.facebook.katana.provider.LoggingProvider
I/ActivityThread(29031): Pub com.facebook.katana.provider.KeyValueProvider: com.facebook.katana.provider.KeyValueProvider
I/ActivityThread(29031): Pub com.facebook.katana.provider.FbContactsProvider: com.facebook.contacts.data.FbContactsContentProvider
I/ActivityThread(29031): Pub com.facebook.katana.provider.CacheProvider: com.facebook.katana.provider.CacheProvider
I/ActivityThread(29031): Pub com.facebook.katana.provider.VaultImageProvider: com.facebook.katana.provider.VaultImageProvider
I/ActivityThread(29031): Pub com.facebook.katana.provider.ObservedContactsProvider: com.facebook.katana.provider.ObservedContactsProvider
I/ActivityThread(29031): Pub com.facebook.katana.provider.UserValuesProvider: com.facebook.katana.provider.UserValuesProvider
I/ActivityThread(29031): Pub com.facebook.katana.provider.MobileEventLogProvider: com.facebook.katana.provider.MobileEventLogProvider
I/QualcommCameraHardware( 1253): Open Device node : /dev/msm_camera/control0
I/keystore( 1257): uid: 1000 action: e -> 7 state: 2 -> 2 retry: 4
I/keystore( 1257): uid: 1000 action: e -> 7 state: 2 -> 2 retry: 4
I/mm-camera( 1253): Open Device node : /dev/msm_camera/config0 
I/keystore( 1257): uid: 1000 action: e -> 7 state: 2 -> 2 retry: 4
I/keystore( 1257): uid: 1000 action: e -> 7 state: 2 -> 2 retry: 4
I/keystore( 1257): uid: 1000 action: e -> 7 state: 2 -> 2 retry: 4
I/keystore( 1257): uid: 1000 action: e -> 7 state: 2 -> 2 retry: 4
I/keystore( 1257): uid: 1000 action: e -> 7 state: 2 -> 2 retry: 4
I/keystore( 1257): uid: 1000 action: e -> 7 state: 2 -> 2 retry: 4
I/keystore( 1257): uid: 1000 action: e -> 7 state: 2 -> 2 retry: 4
I/keystore( 1257): uid: 1000 action: e -> 7 state: 2 -> 2 retry: 4
I/keystore( 1257): uid: 1000 action: e -> 7 state: 2 -> 2 retry: 4
I/keystore( 1257): uid: 1000 action: e -> 7 state: 2 -> 2 retry: 4
I/keystore( 1257): uid: 1000 action: e -> 7 state: 2 -> 2 retry: 4
I/keystore( 1257): uid: 1000 action: e -> 7 state: 2 -> 2 retry: 4
I/keystore( 1257): uid: 1000 action: e -> 7 state: 2 -> 2 retry: 4
I/keystore( 1257): uid: 1000 action: e -> 7 state: 2 -> 2 retry: 4
I/mm-camera( 1253): [AWB Calibration] from kernel: fuse_id: 0x0, 0x0, 0x4, 0x62705
I/mm-camera( 1253): sensor_load_chromatix: Sensor model no: s5k3h1gx
D/mm-camera( 1253): sensor_load_chromatix: Sensor name: s5k3h1gx cnt=2
I/mm-camera( 1253): sensor_load_chromatix: chromatixType=0
D/mm-camera( 1253): sensor_load_chromatix:1713:chromatix library Name = libchromatix_s5k3h1gx_preview.so
I/keystore( 1257): uid: 1000 action: e -> 7 state: 2 -> 2 retry: 4
I/keystore( 1257): uid: 1000 action: e -> 7 state: 2 -> 2 retry: 4
I/keystore( 1257): uid: 1000 action: e -> 7 state: 2 -> 2 retry: 4
I/keystore( 1257): uid: 1000 action: e -> 7 state: 2 -> 2 retry: 4
I/keystore( 1257): uid: 1000 action: e -> 7 state: 2 -> 2 retry: 4
D/mm-camera( 1253): load_chromatix() : PRODUCT_ACE in preview
D/mm-camera( 1253): sensor_load_chromatix:1738: dlclose(libchromatix_handle) refcount 0
I/mm-camera-s5k3h1gx_u( 1253): Inside s5k3h1gx_process_start 
I/mm-camera( 1253): [LSC Calibration]Sensor_set_mesh
I/mm-camera( 1253): [LSC Calibration] : call awb_get_fuseid
I/mm-camera( 1253): Read /data/lsc_cal fail
I/mm-camera( 1253): Read from file OK: /data/lsc_cal or /sys/android_camera_awb_cal/awb_cal
I/mm-camera( 1253): [LSC Calibration]: lsc_checksum=64424565, lsc_verify=c1b
I/mm-camera( 1253): [LSC Calibration]: fuseid_1=0,fuseid_2=0,fuseid_3=4,fuseid_4=62705, sfuse.fuse_id_word1=0,sfuse.fuse_id_word2=0,sfuse.fuse_id_word3=4,sfuse.fuse_id_word4=62705
I/mm-camera( 1253): LSC_Calibration: 	addr=a77512bc, & addr=a77512bc
I/mm-camera( 1253): LSC_Calibration: 	addr=a7752090, & addr=a7752090
