I/mm-camera( 1253): LSC_Calibration: 	addr=a7752e64, & addr=a7752e64
I/mm-camera( 1253): LSC_Calibration: 	addr=a7753c38, & addr=a7753c38
I/mm-camera( 1253): LSC_Calibration: 	addr=a7754a0c, & addr=a7754a0c
I/mm-camera-s5k3h1gx_u( 1253): s5k3h1gx_process_start: [LSC Calibration] LSC is valid and set NEW mesh value
I/mm-camera( 1253): [AWB Calibration] fuse_id : 0x0, 0x0, 0x4, 0x62705
I/mm-camera( 1253): [AWB Calibration] fail to read /data/awb_cal, try another file
I/mm-camera( 1253): [AWB Calibration] read from file OK: /sys/android_camera_awb_cal/awb_cal
I/mm-camera( 1253): [AWB Calibration] nandflash data: 0xc1b, 0x304, 0x29e, 0x0, 0x0, 0x4, 0x62705, 0x96b98b06
I/mm-camera( 1253): [AWB Calibration] check sum=96b98b06, OK
I/mm-camera( 1253): [AWB Calibration] valid bit and fuseID pass, use new white points
I/mm-camera( 1253): [AWB Calibration] use light version: v3
I/mm-camera-s5k3h1gx_u( 1253): s5k3h1gx_register: table = 0xa774ca88
I/mm-camera-s5k3h1gx_u( 1253): get snapshot size pointer:0xa772758d
D/mm-camera( 1253): sensor_led_ctrl_init: camfd = 26
D/mm-camera( 1253): af_init_process_exhaustive_search sensor->af_exhaust_downhill_allowance 2, sensor->af_exhaust_fv_drop_allowance 0.800000
I/QualcommCameraHardware( 1253): startCamera: camsensor name s5k3h1gx, flash 1
I/mm-camera( 1253): sctrl:0xa774beb8
I/mm-camera( 1253): sctrl->fn_table:0xa77280c5
I/mm-camera( 1253): sctrl->fn_table.get_snapshot_sizes:0xa772758d
I/mm-camera-s5k3h1gx_u( 1253): get table
D/QualcommCameraHardware( 1253): startCamera X
D/QualcommCameraHardware( 1253): loading libposteffect at 0xb000f4b8
D/QualcommCameraHardware( 1253): static android::sp<android::CameraHardwareInterface> android::QualcommCameraHardware::createInstance(int): start GPU manager (0).
D/QualcommCameraHardware( 1253): initDefaultParameters E
D/QualcommCameraHardware( 1253): product 9
D/QualcommCameraHardware( 1253): init thumbnail width: 640, height: 480
D/mm-camera( 1253): dimension.cam_mode = 0
D/mm-camera( 1253): vfe_util_get_sensor_info: pre_mode=-1 ctrl->mode=0
D/GPUPostEffect( 1253): void* mlabs::GPUPostEffect::threadMain() E.
I/GEManager( 1253): [GEManager] enter
D/GEManager( 1253): [GEManager] m_eglDisplay successfully
D/dalvikvm(29031): GC_CONCURRENT freed 322K, 38% free 4344K/6983K, external 0K/0K, paused 3ms+6ms
D/GEManager( 1253): [GEManager] eglInitialize successfully
D/GEManager( 1253): [GEManager] eglChooseConfig successfully
D/GEManager( 1253): [GEManager] eglCreateContext successfully
D/GEManager( 1253): [GEManager] eglCreatePbufferSurface successfully
D/GEManager( 1253): [GEManager] eglMakeCurrent successfully
I/GEManager( 1253): [GEManager] leave
I/ActivityManager( 1359): No longer want com.htc.cs (pid 26114): hidden #16
D/Process ( 1359): killProcessQuiet, pid=26114
D/Process ( 1359): dalvik.system.VMStack.getThreadStackTrace(Native Method)
D/Process ( 1359): java.lang.Thread.getStackTrace(Thread.java:745)
D/Process ( 1359): android.os.Process.killProcessQuiet(Process.java:827)
D/Process ( 1359): com.android.server.am.ActivityManagerService.updateOomAdjLocked(ActivityManagerService.java:14288)
D/Process ( 1359): com.android.server.am.ActivityManagerService.updateOomAdjLocked(ActivityManagerService.java:14171)
D/Process ( 1359): com.android.server.am.ActivityManagerService.serviceDoneExecutingLocked(ActivityManagerService.java:11507)
D/Process ( 1359): com.android.server.am.ActivityManagerService.serviceDoneExecuting(ActivityManagerService.java:11477)
D/Process ( 1359): android.app.ActivityManagerNative.onTransact(ActivityManagerNative.java:709)
D/Process ( 1359): com.android.server.am.ActivityManagerService.onTransact(ActivityManagerService.java:1642)
D/Process ( 1359): android.os.Binder.execTransact(Binder.java:320)
D/Process ( 1359): dalvik.system.NativeStart.run(Native Method)
I/keystore( 1257): uid: 1000 action: e -> 7 state: 2 -> 2 retry: 4
V/LocationManagerService( 1359): requestLocationUpdatesLocked: updateProvidersLocked
D/LocationManagerService( 1359): [updateProvidersLocked]
D/Socket_Alarm(29100): registerHTCSocketMonitorCallBack
D/Socket_Alarm(29100): set mSocketMonitor
D/Socket_Alarm(29100): HTCSocketMonitorImpl::HTCSocketMonitorImpl
D/WifiService( 1359): acquireWifiLockLocked: WifiLock{NetworkLocationLocator type=2 binder=android.os.BinderProxy@40db50d0} Mode: 2
D/WifiService( 1359): disable wifi due to updateWifiState
D/WifiService( 1359): setWifiEnabledBlocking  wifiState = eventualWifiState = 1, return true
D/mm-camera( 1253): aec_init_settings_reload_sensor  input->aec_parms.antibanding=0
I/QualcommCameraHardware( 1253): setParameters: E params = 0x1c5e8c
I/QualcommCameraHardware( 1253): request capture mode (null)
D/QualcommCameraHardware( 1253): requested preview size 640 x 480
D/QualcommCameraHardware( 1253): requested picture size 3264 x 2448
D/mm-camera( 1253): In config_proc_CAMERA_SET_PARM_LED_MODE: 0
D/mm-camera( 1253): set_led_mode = 0, led_ctrl_p->led_mode = 0
E/mm-camera( 1253): Output2 is configure larger than camsensor FOV.
D/QualcommCameraHardware( 1253): not defined touch-focus yet, or AP without touch-focus function
D/QualcommCameraHardware( 1253): setSceneMode E
D/QualcommCameraHardware( 1253): setSceneMode str=auto
I/QualcommCameraHardware( 1253): requested Fps Range min: 1 x max: 200000
I/QualcommCameraHardware( 1253): Setting Brightness is 3
I/QualcommCameraHardware( 1253): Setting iso 0
D/QualcommCameraHardware( 1253): virtual android::status_t android::QualcommCameraHardware::setParameters(const android::CameraParameters&), final_rc=0
D/        ( 1253): [GECameraParameters::getGPUEffect] enter
D/        ( 1253): [GECameraParameters::getGPUEffect] leave. no key GPU-effect
D/        ( 1253): [GECameraParameters::getGPUEffectParam] leave. no key GE-param0
D/        ( 1253): [GECameraParameters::getGPUEffectParam] leave. no key GE-param1
I/GPUPostEffect( 1253): int mlabs::GPUPostEffect::setParameters(mlabs::GPUPostEffect::GPUTask*): old effect = 0, new effect = -1.
D/GPUPostEffect( 1253): setParameters: isGEInit == false: no call to ChooseEffect.
I/QualcommCameraHardware( 1253): setParameters: X, gHALDebugFrame 12
D/CameraFace( 1253): face_config: image_format 0 hcb!=NULL
D/QualcommCameraHardware( 1253): initDefaultParameters X
D/QualcommCameraHardware( 1253): createInstance: X created hardware=0x1c5e88
D/CameraService( 1253): Client::Client E (pid 29040)
D/CameraService( 1253): getOrientation: degrees 0
D/CameraService( 1253): Client::Client X (pid 29040)
D/CameraService( 1253): CameraService::connect X
D/CameraService( 1253): setPreviewCallbackFlag(7) (pid 29040)
D/WindowManagerImpl(29040): addView, new view, mViews[1]: com.android.internal.policy.impl.PhoneWindow$DecorView@4052e150
D/WifiService( 1359): releaseWifiLockLocked: WifiLock{NetworkLocationLocator type=2 binder=android.os.BinderProxy@40db50d0} Mode: 2
D/WifiService( 1359): disable wifi due to updateWifiState
D/WifiService( 1359): setWifiEnabledBlocking  wifiState = eventualWifiState = 1, return true
D/CameraService( 1253): setPreviewDisplay(0x1da820) (pid 29040)
D/CameraService( 1253): setOverlay w 640 h 480 mOverlayW 0 mOverlayH 0
W/QualcommCameraHardware( 1253):  Overlay object NULL. returning 
D/CameraService( 1253): recreate createOverlay
D/Overlay ( 1359): createOverlay w=640 h=480 z=0 format 0x100021 
D/OverlayLIB( 1359): ovmode 2DPANEL
D/Overlay ( 1359): No S3D displays found, treat content as 2D
D/Overlay ( 1359): createOverlay w=640 h=480 z=0 format 3D 0x0 ovmode 0 currentOV 0 fbnum 0
D/OverlayLIB( 1359): startcontrolchannel: w:640 h:480 fbnum:0 format 33 colorforamt 33 format3D:0x0 zorder: 1 norot no ignoreFB yes
D/OverlayLIB( 1359): setoverlayInfo(910) w 640 h 480 format 2 flags 0x800000 zorder 1
D/OverlayLIB( 1359): same Rotator parameter, skip it
D/Overlay ( 1359): setPostion: x= 0, y=75, w= 480, h = 725 refresh 0
D/Overlay ( 1359): setPostion: x= 0, y=75, w= 480, h = 725 refresh 0
D/SurfaceFlinger( 1359): call overlay setpos one more time mupdatePos 5
D/CameraService( 1253): [D:camera]OVERLAY CREATED....,mOrientation=0
D/Overlay ( 1253): In overlay_data_initialize: format3D = 0x0
D/OverlayLIB( 1253): In OVLib: startDatachannel: fbnum = 0 size = 460800 mOvDataid 5
I/OverlayLIB( 1253): mFD=52
D/OverlayLIB( 1253): datachannel:openDevices: mPmemFD:0x37 mPmemAddr:0x0x41aa3000
D/CameraService( 1253): stopPreview (pid 29040)
D/QualcommCameraHardware( 1253): stopPreview: E
D/QualcommCameraHardware( 1253): stopPreviewInternal E: 0
D/QualcommCameraHardware( 1253): stopPreviewInternal X: 0
D/QualcommCameraHardware( 1253): stopPreview: X
V/CameraPreviewSample(29040): Listing all supported preview sizes
V/CameraPreviewSample(29040):   w: 1280, h: 720
V/CameraPreviewSample(29040):   w: 800, h: 480
V/CameraPreviewSample(29040):   w: 640, h: 480
V/CameraPreviewSample(29040):   w: 640, h: 384
V/CameraPreviewSample(29040): Listing all supported picture sizes
V/CameraPreviewSample(29040):   w: 3264, h: 2448
V/CameraPreviewSample(29040):   w: 3264, h: 1952
V/CameraPreviewSample(29040):   w: 2592, h: 1952
V/CameraPreviewSample(29040):   w: 2592, h: 1936
V/CameraPreviewSample(29040):   w: 2592, h: 1728
V/CameraPreviewSample(29040):   w: 2592, h: 1552
V/CameraPreviewSample(29040):   w: 2048, h: 1536
V/CameraPreviewSample(29040):   w: 2048, h: 1360
V/CameraPreviewSample(29040):   w: 2048, h: 1216
V/CameraPreviewSample(29040):   w: 1600, h: 1200
V/CameraPreviewSample(29040):   w: 1584, h: 1056
V/CameraPreviewSample(29040):   w: 1280, h: 960
V/CameraPreviewSample(29040):   w: 1280, h: 848
V/CameraPreviewSample(29040):   w: 1280, h: 768
V/CameraPreviewSample(29040):   w: 1024, h: 768
V/CameraPreviewSample(29040):   w: 640, h: 480
V/CameraPreviewSample(29040):   w: 640, h: 416
V/CameraPreviewSample(29040):   w: 640, h: 384
V/CameraPreviewSample(29040):   w: 512, h: 384
V/CameraPreviewSample(29040):   w: 400, h: 400
V/CameraPreviewSample(29040):   w: 272, h: 272
V/CameraPreviewSample(29040): Same picture size not found.
V/CameraPreviewSample(29040): Desired Preview Size - w: 480, h: 725
V/CameraPreviewSample(29040): Preview Layout Size - w: 435, h: 725
V/CameraPreviewSample(29040): Scale factor: 0.90625
D/OverlayLIB( 1359): same Rotator parameter, skip it
D/Overlay ( 1359): setPostion: x= 0, y=75, w= 480, h = 725 refresh 0
V/WindowManager( 1359): Starting animation in AppWindowToken{40e1d618 token=HistoryRecord{40550f20 com.innominds.camerapreviewsample/.MainActivity}} @ 147119048
D/OverlayLIB( 1359): same Rotator parameter, skip it
D/Overlay ( 1359): setPostion: x= 158, y=75, w= 480, h = 725 refresh 0
V/WindowManager( 1359): Starting animation in AppWindowToken{4057dcc0 token=HistoryRecord{40a38690 com.innominds.camerapreviewsample/.CameraPreviewSampleActivity}} @ 147119048
D/OverlayLIB( 1359): same Rotator parameter, skip it
D/Overlay ( 1359): setPostion: x= 110, y=75, w= 480, h = 725 refresh 0
D/StatusBarPolicy( 1516): Network Type: 2
D/OverlayLIB( 1359): same Rotator parameter, skip it
D/Overlay ( 1359): setPostion: x= 83, y=75, w= 480, h = 725 refresh 0
D/OverlayLIB( 1359): same Rotator parameter, skip it
D/Overlay ( 1359): setPostion: x= 68, y=75, w= 435, h = 725 refresh 0
D/CameraService( 1253): stopPreview (pid 29040)
D/QualcommCameraHardware( 1253): stopPreview: E
D/QualcommCameraHardware( 1253): stopPreviewInternal E: 0
D/QualcommCameraHardware( 1253): stopPreviewInternal X: 0
D/QualcommCameraHardware( 1253): stopPreview: X
D/OverlayLIB( 1359): same Rotator parameter, skip it
D/Overlay ( 1359): setPostion: x= 48, y=75, w= 435, h = 725 refresh 0
D/OverlayLIB( 1359): same Rotator parameter, skip it
D/Overlay ( 1359): setPostion: x= 30, y=75, w= 435, h = 725 refresh 0
V/CameraPreviewSample(29040): angle: 90
D/CameraService( 1253): sendCommand (pid 29040)
D/CameraService( 1253): getOrientation: degrees 90
V/CameraPreviewSample(29040): Preview Actual Size - w: 800, h: 480
D/OverlayLIB( 1359): same Rotator parameter, skip it
D/Overlay ( 1359): setPostion: x= 17, y=75, w= 435, h = 725 refresh 0
V/CameraPreviewSample(29040): Picture Actual Size - w: 1280, h: 768
D/CameraPreviewSample(29040): Preview Format  :: 17
D/CameraPreviewSample(29040): GetBitsPerPixel :: 12
D/OverlayLIB( 1359): same Rotator parameter, skip it
D/Overlay ( 1359): setPostion: x= 7, y=75, w= 435, h = 725 refresh 0
I/CameraService( 1253): Unknow capture mode!!
I/QualcommCameraHardware( 1253): setParameters: E params = 0x4090ecf4
I/QualcommCameraHardware( 1253): request capture mode (null)
D/QualcommCameraHardware( 1253): requested preview size 800 x 480
D/QualcommCameraHardware( 1253): requested picture size 1280 x 768
D/OverlayLIB( 1359): same Rotator parameter, skip it
D/Overlay ( 1359): setPostion: x= 2, y=75, w= 435, h = 725 refresh 0
D/mm-camera( 1253): In config_proc_CAMERA_SET_PARM_LED_MODE: 0
D/mm-camera( 1253): set_led_mode = 0, led_ctrl_p->led_mode = 0
E/mm-camera( 1253): Output2 is configure larger than camsensor FOV.
D/QualcommCameraHardware( 1253): not defined touch-focus yet, or AP without touch-focus function
D/QualcommCameraHardware( 1253): setSceneMode E
D/QualcommCameraHardware( 1253): setSceneMode str=auto
I/QualcommCameraHardware( 1253): requested Fps Range min: 1 x max: 200000
D/QualcommCameraHardware( 1253): virtual android::status_t android::QualcommCameraHardware::setParameters(const android::CameraParameters&), final_rc=0
D/        ( 1253): [GECameraParameters::getGPUEffect] enter
D/        ( 1253): [GECameraParameters::getGPUEffect] leave. no key GPU-effect
D/        ( 1253): [GECameraParameters::getGPUEffectParam] leave. no key GE-param0
D/        ( 1253): [GECameraParameters::getGPUEffectParam] leave. no key GE-param1
I/GPUPostEffect( 1253): int mlabs::GPUPostEffect::setParameters(mlabs::GPUPostEffect::GPUTask*): old effect = -1, new effect = -1.
D/GPUPostEffect( 1253): setParameters: isGEInit == false: no call to ChooseEffect.
I/QualcommCameraHardware( 1253): setParameters: X, gHALDebugFrame 12
D/CameraService( 1253): startPreview (pid 29040)
D/CameraService( 1253): startCameraMode(0)
D/CameraService( 1253): startPreviewMode
D/CameraService( 1253):  OMADM DCMO CAMERA flag = 1
D/QualcommCameraHardware( 1253): startPreview E
D/QualcommCameraHardware( 1253): initPreview E: preview size=800x480
D/QualcommCameraHardware( 1253): initPreview E: preview size=800x480 videosize = 800 x 480
D/QualcommCameraHardware( 1253): initPreview: mDimension.cam_mode = 0
D/QualcommCameraHardware( 1253): initPreview : preview size=800x480 videosize = 800 x 480
D/QualcommCameraHardware( 1253): initPreview: mFrameThreadWaitLock.lock()
D/QualcommCameraHardware( 1253): initPreview: mFrameThreadWaitLock.unlock()
I/QualcommCameraHardware( 1253): constructing MemPool preview backed by pmem pool /dev/pmem_adsp: 4 frames @ 576000 bytes, buffer size 576000
I/QualcommCameraHardware( 1253): pmem pool /dev/pmem_adsp ioctl(fd = 58, PMEM_GET_SIZE) is 2310144
D/QualcommCameraHardware( 1253): mBufferSize=576000, mAlignedBufferSize=577536
D/QualcommCameraHardware( 1253): num_buffers = 4
I/QualcommCameraHardware( 1253): register_buf: camfd = 56, reg = 0 buffer = 0x41b84000
I/QualcommCameraHardware( 1253): register_buf: camfd = 56, reg = 0 buffer = 0x41c11000
I/QualcommCameraHardware( 1253): register_buf: camfd = 56, reg = 0 buffer = 0x41c9e000
I/QualcommCameraHardware( 1253): register_buf: camfd = 56, reg = 0 buffer = 0x41d2b000
I/QualcommCameraHardware( 1253): PmemPool: (preview) X 
I/QualcommCameraHardware( 1253): constructing MemPool record backed by pmem pool /dev/pmem_adsp: 9 frames @ 576000 bytes, buffer size 576000
I/QualcommCameraHardware( 1253): pmem pool /dev/pmem_adsp ioctl(fd = 61, PMEM_GET_SIZE) is 5197824
D/QualcommCameraHardware( 1253): mBufferSize=576000, mAlignedBufferSize=577536
D/QualcommCameraHardware( 1253): num_buffers = 9
I/QualcommCameraHardware( 1253): register_buf: camfd = 59, reg = 0 buffer = 0x41db8000
I/QualcommCameraHardware( 1253): register_buf: camfd = 59, reg = 0 buffer = 0x41e45000
I/QualcommCameraHardware( 1253): register_buf: camfd = 59, reg = 0 buffer = 0x41ed2000
I/QualcommCameraHardware( 1253): register_buf: camfd = 59, reg = 0 buffer = 0x41f5f000
D/OverlayLIB( 1359): same Rotator parameter, skip it
D/Overlay ( 1359): setPostion: x= 0, y=75, w= 435, h = 725 refresh 0
I/QualcommCameraHardware( 1253): register_buf: camfd = 59, reg = 0 buffer = 0x41fec000
I/QualcommCameraHardware( 1253): register_buf: camfd = 59, reg = 0 buffer = 0x42079000
I/QualcommCameraHardware( 1253): register_buf: camfd = 59, reg = 0 buffer = 0x42106000
I/QualcommCameraHardware( 1253): register_buf: camfd = 59, reg = 0 buffer = 0x42193000
I/QualcommCameraHardware( 1253): register_buf: camfd = 59, reg = 0 buffer = 0x42220000
I/QualcommCameraHardware( 1253): PmemPool: (record) X 
D/QualcommCameraHardware( 1253): initRecord :  record heap , video buffers  buffer=1104904192 fd=61 y_off=0 cbcr_off=384000 
D/QualcommCameraHardware( 1253): initRecord :  record heap , video buffers  buffer=1105481728 fd=61 y_off=0 cbcr_off=384000 
D/QualcommCameraHardware( 1253): initRecord :  record heap , video buffers  buffer=1106059264 fd=61 y_off=0 cbcr_off=384000 
D/QualcommCameraHardware( 1253): initRecord :  record heap , video buffers  buffer=1106636800 fd=61 y_off=0 cbcr_off=384000 
D/QualcommCameraHardware( 1253): initRecord :  record heap , video buffers  buffer=1107214336 fd=61 y_off=0 cbcr_off=384000 
D/QualcommCameraHardware( 1253): initRecord :  record heap , video buffers  buffer=1107791872 fd=61 y_off=0 cbcr_off=384000 
D/QualcommCameraHardware( 1253): initRecord :  record heap , video buffers  buffer=1108369408 fd=61 y_off=0 cbcr_off=384000 
D/QualcommCameraHardware( 1253): initRecord :  record heap , video buffers  buffer=1108946944 fd=61 y_off=0 cbcr_off=384000 
D/QualcommCameraHardware( 1253): initRecord :  record heap , video buffers  buffer=1109524480 fd=61 y_off=0 cbcr_off=384000 
D/QualcommCameraHardware( 1253): initREcord X
D/mm-camera( 1253): vfe_util_get_sensor_info: pre_mode=0 ctrl->mode=0
D/QualcommCameraHardware( 1253): initpreview before cam_frame thread carete , video frame  buffer=1106636800 fd=61 y_off=0 cbcr_off=384000 
I/QualcommCameraHardware( 1253): initPreview: create new mHtcCallbackThread 1946152
D/QualcommCameraHardware( 1253): initPreview X: 1
D/GPUPostEffect( 1253): virtual int mlabs::GPUPostEffect::startPreview(int, int) E.
D/GPUPostEffect( 1253): int mlabs::GPUPostEffect::startPreview(mlabs::GPUPostEffect::GPUTask*) E.
D/GPUPostEffect( 1253): int mlabs::GPUPostEffect::startPreview(mlabs::GPUPostEffect::GPUTask*): preview 800 x 480 started ok.
D/GPUPostEffect( 1253): int mlabs::GPUPostEffect::startPreview(mlabs::GPUPostEffect::GPUTask*) X.
D/OverlayLIB( 1359): same Rotator parameter, skip it
D/GPUPostEffect( 1253): virtual int mlabs::GPUPostEffect::startPreview(int, int) X.
D/QualcommCameraHardware( 1253): android::status_t android::QualcommCameraHardware::startPreviewInternal(): startPreview 800 x 480 (0)
I/mm-camera( 1253): config_proc_CAMERA_START_VIDEO: received CAMERA_START_VIDEO!, ctrl->state = 0
W/mm-camera( 1253): config_proc_CAMERA_START_VIDEO:Line:1477 This ioctl can fail if pp_mask is zero. 
W/mm-camera( 1253): config_proc_CAMERA_START_VIDEO:Line:1479 ioctl MSM_CAM_IOCTL_PICT_PP_DONE is failed...
I/mm-camera( 1253): 7x30 vfe enable
I/mm-camera( 1253): 7x30 send reset command, vfeMode 3
I/mm-camera( 1253): config_proc_ctrl_command: pendingCtrlCmd 0x1db2b0
I/mm-camera( 1253): VFE_RESET_ACK ctrl->state 22
D/mm-camera( 1253): vfe_util_get_sensor_info: pre_mode=0 ctrl->mode=0
D/mm-camera( 1253): preview delay Dig_gain =1.004832, sparam->preview_fps 7685
I/mm-camera( 1253): VFE_AXIOutputVideoConfig vfeCtrl->output1w 800 vfeCtrl->output1h 480
I/mm-camera( 1253): VFE_AXIOutputVideoConfig vfeCtrl->output2w 800 vfeCtrl->output2h 480
I/mm-camera( 1253): AXI Output wm0.busUbDepth 303
I/mm-camera( 1253): AXI Output wm4.busUbDepth 151
I/mm-camera( 1253): AXI Output wm1.busUbDepth 303
I/mm-camera( 1253): AXI Output wm5.busUbDepth 151
I/ActivityManager( 1359): Displayed com.innominds.camerapreviewsample/.CameraPreviewSampleActivity: +1s583ms
V/WindowManager( 1359): Finished animation in AppWindowToken{40e1d618 token=HistoryRecord{40550f20 com.innominds.camerapreviewsample/.MainActivity}} @ 147119230
V/WindowManager( 1359): Finished animation in AppWindowToken{4057dcc0 token=HistoryRecord{40a38690 com.innominds.camerapreviewsample/.CameraPreviewSampleActivity}} @ 147119230
D/mm-camera( 1253): start to set sce config.
D/mm-camera( 1253): sce at computeTRansforms m_p: 1.000000
D/mm-camera( 1253): sce m_p:1.000000
D/mm-camera( 1253): sce rEnd_Cr:0.000000,rEnd_Cb:0.000000,Start_Cr:0.000000,Start_Cb:0.000000
D/mm-camera( 1253): sce rEnd_Cr:0.000000,rEnd_Cb:0.000000,Start_Cr:0.000000,Start_Cb:0.000000
D/mm-camera( 1253): sce m_p:1.000000
D/mm-camera( 1253): sce rEnd_Cr:0.000000,rEnd_Cb:0.000000,Start_Cr:0.000000,Start_Cb:0.000000
D/mm-camera( 1253): sce rEnd_Cr:0.000000,rEnd_Cb:0.000000,Start_Cr:0.000000,Start_Cb:0.000000
D/mm-camera( 1253): sce m_p:1.000000
D/mm-camera( 1253): sce rEnd_Cr:0.000000,rEnd_Cb:0.000000,Start_Cr:0.000000,Start_Cb:0.000000
D/mm-camera( 1253): sce rEnd_Cr:0.000000,rEnd_Cb:0.000000,Start_Cr:0.000000,Start_Cb:0.000000
D/mm-camera( 1253): sce m_p:1.000000
D/mm-camera( 1253): sce rEnd_Cr:0.000000,rEnd_Cb:0.000000,Start_Cr:0.000000,Start_Cb:0.000000
D/mm-camera( 1253): sce rEnd_Cr:0.000000,rEnd_Cb:0.000000,Start_Cr:0.000000,Start_Cb:0.000000
D/mm-camera( 1253): sce m_p:1.000000
D/mm-camera( 1253): sce rEnd_Cr:0.000000,rEnd_Cb:0.000000,Start_Cr:0.000000,Start_Cb:0.000000
D/mm-camera( 1253): sce rEnd_Cr:0.000000,rEnd_Cb:0.000000,Start_Cr:0.000000,Start_Cb:0.000000
D/mm-camera( 1253): set sce config done
D/QualcommCameraHardware( 1253): htc_callback_thread E
I/QualcommCameraHardware( 1253): runHtcCallbackThread E
I/QualcommCameraHardware( 1253): runHtcCallbackThread: create pipes R 62 W 63
D/QualcommCameraHardware( 1253): frame_thread E
I/CAMFRAME:( 1253): In cam_frame  pipe terminatefd E 
I/CAMFRAME:( 1253): In create pipe(terminatefd) in cam_frame E 
I/CAMFRAME:( 1253): In cam_frame  pipe terminatefd X 
I/CAMFRAME:( 1253): Open Device node : /dev/msm_camera/frame0 
W/mm-camera( 1253): vfe_util_sendcmd: MSM_CAM_IOCTL_CONFIG_VFE failed...
W/mm-camera( 1253): vfe_util_sendcmd: MSM_CAM_IOCTL_CONFIG_VFE failed...
I/mm-camera( 1253): Calling vfe_start_video 
D/OverlayLIB( 1359): same Rotator parameter, skip it
D/dalvikvm(29031): GC_CONCURRENT freed 443K, 39% free 4414K/7175K, external 0K/0K, paused 8ms+3ms
I/mm-camera( 1253): VFE_ID_START_ACK ctrl->state:26
I/mm-camera( 1253): Received VFE start ACK!!! This is a user preview start.
I/mm-camera( 1253): sending IOCTL_CTRL_CMD_DONE to kernel!, length=0 status=1
D/QualcommCameraHardware( 1253): startPreview X
D/QualcommCameraHardware( 1253): [ATS][camera_preview][complete]
D/OverlayLIB( 1359): same Rotator parameter, skip it
D/OverlayLIB( 1359): same Rotator parameter, skip it
V/ActivityManager( 1359): Checking to restart com.innominds.camerapreviewsample.CameraPreviewSampleActivity: changed=0x0, handles=0x0
V/ActivityManager( 1359): oldConfig={ scale=1.0 imsi=404/49 loc=en_IN touch=3 keys=1/1/2 nav=1/1 orien=1 layout=34 uiMode=17 seq=99 skin=default fontsize=3}
V/ActivityManager( 1359): newConfig={ scale=1.0 imsi=404/49 loc=en_IN touch=3 keys=1/1/2 nav=1/1 orien=1 layout=34 uiMode=17 seq=99 skin=default fontsize=3}
I/CameraService( 1253): when get 1st preview frame
I/CameraService( 1253): Camera KPI: since open 1567353
I/CameraService( 1253): Camera KPI: since start preview 154358
D/CameraService( 1253): setOverlay w 800 h 480 mOverlayW 640 mOverlayH 480
W/QualcommCameraHardware( 1253):  Overlay object NULL. returning 
D/OverlayLIB( 1253): OV::closeDataChannel(1752) start OvData.id 5
D/OverlayLIB( 1253): OV::closeDataChannel(1771) end
D/Overlay ( 1359): destroyOverlay z=0
D/OverlayLIB( 1359): OV::closeControlChannel mOVInfo.id 5 mFBnum 0
W/QualcommCameraHardware( 1253):  Overlay object NULL. returning 
D/CameraService( 1253): recreate createOverlay
D/Overlay ( 1359): createOverlay w=800 h=480 z=0 format 0x100021 
D/OverlayLIB( 1359): ovmode 2DPANEL
D/Overlay ( 1359): No S3D displays found, treat content as 2D
D/Overlay ( 1359): createOverlay w=800 h=480 z=0 format 3D 0x0 ovmode 0 currentOV 0 fbnum 0
D/OverlayLIB( 1359): startcontrolchannel: w:800 h:480 fbnum:0 format 33 colorforamt 33 format3D:0x0 zorder: 1 norot no ignoreFB yes
D/OverlayLIB( 1359): setoverlayInfo(910) w 800 h 480 format 2 flags 0x800000 zorder 1
D/Overlay ( 1359): setPostion: x= 0, y=75, w= 435, h = 725 refresh 1
D/Overlay ( 1359): setPostion: x= 0, y=75, w= 435, h = 725 refresh 0
D/SurfaceFlinger( 1359): call overlay setpos one more time mupdatePos 5
D/CameraService( 1253): [D:camera]OVERLAY CREATED....,mOrientation=4
D/Overlay ( 1253): In overlay_data_initialize: format3D = 0x0
D/OverlayLIB( 1253): In OVLib: startDatachannel: fbnum = 0 size = 576000 mOvDataid 5
I/OverlayLIB( 1253): mFD=52
D/OverlayLIB( 1253): datachannel:openDevices: mPmemFD:0x37 mPmemAddr:0x0x424ad000
D/dalvikvm(29040): GC_FOR_MALLOC freed 143K, 46% free 2921K/5379K, external 0K/0K, paused 37ms
I/dalvikvm-heap(29040): Grow heap (frag case) to 5.638MB for 576016-byte allocation
D/dalvikvm(29040): GC_FOR_MALLOC freed <1K, 42% free 3483K/5959K, external 0K/0K, paused 54ms
D/CameraService( 1253): setPreviewCallbackFlag(7) (pid 29040)
D/PreviewCallBack(29040): onPreviewFrame - wrote bytes: 576000
D/dalvikvm(29031): GC_CONCURRENT freed 418K, 38% free 4537K/7303K, external 0K/0K, paused 2ms+14ms
D/dalvikvm(29040): GC_CONCURRENT freed 10K, 42% free 3475K/5959K, external 0K/0K, paused 1ms+13ms
D/dalvikvm(29040): GC_FOR_MALLOC freed 563K, 52% free 2912K/5959K, external 0K/0K, paused 26ms
I/dalvikvm-heap(29040): Grow heap (frag case) to 5.637MB for 576016-byte allocation
D/CameraService( 1253): setPreviewCallbackFlag(7) (pid 29040)
D/dalvikvm(29040): GC_FOR_MALLOC freed 0K, 42% free 3474K/5959K, external 0K/0K, paused 33ms
D/mm-camera( 1253): TRIGGER_NORMAL
D/PreviewCallBack(29040): onPreviewFrame - wrote bytes: 576000
D/dalvikvm(29040): GC_CONCURRENT freed 1K, 42% free 3474K/5959K, external 0K/0K, paused 2ms+7ms
D/dalvikvm(29040): GC_FOR_MALLOC freed 562K, 52% free 2911K/5959K, external 0K/0K, paused 36ms
I/dalvikvm-heap(29040): Grow heap (frag case) to 5.637MB for 576016-byte allocation
D/CameraService( 1253): setPreviewCallbackFlag(7) (pid 29040)
D/dalvikvm(29040): GC_FOR_MALLOC freed 0K, 42% free 3474K/5959K, external 0K/0K, paused 46ms
D/PreviewCallBack(29040): onPreviewFrame - wrote bytes: 576000
D/dalvikvm(29040): GC_CONCURRENT freed <1K, 42% free 3474K/5959K, external 0K/0K, paused 2ms+6ms
D/dalvikvm(29031): GC_CONCURRENT freed 397K, 37% free 4702K/7431K, external 0K/0K, paused 2ms+11ms
D/dalvikvm(29040): GC_FOR_MALLOC freed 562K, 52% free 2911K/5959K, external 0K/0K, paused 46ms
I/dalvikvm-heap(29040): Grow heap (frag case) to 5.637MB for 576016-byte allocation
D/CameraService( 1253): setPreviewCallbackFlag(7) (pid 29040)
D/dalvikvm(29040): GC_FOR_MALLOC freed 0K, 42% free 3474K/5959K, external 0K/0K, paused 37ms
D/dalvikvm(29040): GC_CONCURRENT freed <1K, 42% free 3474K/5959K, external 0K/0K, paused 3ms+3ms
D/dalvikvm(29040): GC_FOR_MALLOC freed <1K, 42% free 3474K/5959K, external 0K/0K, paused 31ms
I/dalvikvm-heap(29040): Grow heap (frag case) to 6.187MB for 576016-byte allocation
D/dalvikvm(29040): GC_FOR_MALLOC freed 0K, 39% free 4036K/6535K, external 0K/0K, paused 34ms
D/dalvikvm(29040): GC_CONCURRENT freed <1K, 39% free 4036K/6535K, external 0K/0K, paused 4ms+1ms
D/mm-camera( 1253): TRIGGER_OUTDOOR
D/dalvikvm(29031): GC_CONCURRENT freed 422K, 36% free 4965K/7687K, external 0K/0K, paused 5ms+4ms
D/mm-camera( 1253): TRIGGER_OUTDOOR
D/mm-camera( 1253): TRIGGER_OUTDOOR
D/PreviewCallBack(29040): onPreviewFrame - wrote bytes: 576000
D/CameraService( 1253): setPreviewCallbackFlag(7) (pid 29040)
D/dalvikvm(29040): GC_FOR_MALLOC freed 563K, 47% free 3474K/6535K, external 0K/0K, paused 44ms
I/dalvikvm-heap(29040): Grow heap (frag case) to 6.187MB for 576016-byte allocation
D/mm-camera( 1253): TRIGGER_OUTDOOR
D/dalvikvm(29040): GC_FOR_MALLOC freed <1K, 39% free 4037K/6535K, external 0K/0K, paused 34ms
D/PreviewCallBack(29040): onPreviewFrame - wrote bytes: 576000
D/CameraService( 1253): setPreviewCallbackFlag(7) (pid 29040)
D/PreviewCallBack(29040): onPreviewFrame - wrote bytes: 576000
D/mm-camera( 1253): TRIGGER_OUTDOOR
D/dalvikvm(29040): GC_CONCURRENT freed 563K, 47% free 3474K/6535K, external 0K/0K, paused 2ms+3ms
D/dalvikvm(29040): GC_FOR_MALLOC freed 562K, 56% free 2911K/6535K, external 0K/0K, paused 44ms
I/dalvikvm-heap(29040): Grow heap (frag case) to 5.637MB for 576016-byte allocation
D/CameraService( 1253): setPreviewCallbackFlag(7) (pid 29040)
D/dalvikvm(29040): GC_FOR_MALLOC freed 0K, 47% free 3474K/6535K, external 0K/0K, paused 32ms
D/PreviewCallBack(29040): onPreviewFrame - wrote bytes: 576000
D/mm-camera( 1253): TRIGGER_OUTDOOR
D/dalvikvm(29040): GC_CONCURRENT freed <1K, 47% free 3474K/6535K, external 0K/0K, paused 2ms+2ms
D/dalvikvm(29040): GC_FOR_MALLOC freed 563K, 56% free 2911K/6535K, external 0K/0K, paused 50ms
I/dalvikvm-heap(29040): Grow heap (frag case) to 5.637MB for 576016-byte allocation
D/CameraService( 1253): setPreviewCallbackFlag(7) (pid 29040)
D/dalvikvm(29040): GC_FOR_MALLOC freed 0K, 47% free 3474K/6535K, external 0K/0K, paused 36ms
D/PreviewCallBack(29040): onPreviewFrame - wrote bytes: 576000
D/dalvikvm(29031): GC_CONCURRENT freed 413K, 34% free 5293K/8007K, external 0K/0K, paused 3ms+5ms
D/dalvikvm(29040): GC_CONCURRENT freed <1K, 47% free 3474K/6535K, external 0K/0K, paused 3ms+8ms
D/dalvikvm(29040): GC_FOR_MALLOC freed 562K, 56% free 2911K/6535K, external 0K/0K, paused 35ms
I/dalvikvm-heap(29040): Grow heap (frag case) to 5.637MB for 576016-byte allocation
D/dalvikvm(29040): GC_FOR_MALLOC freed 0K, 47% free 3474K/6535K, external 0K/0K, paused 40ms
D/CameraService( 1253): setPreviewCallbackFlag(7) (pid 29040)
D/PreviewCallBack(29040): onPreviewFrame - wrote bytes: 576000
D/dalvikvm(29040): GC_CONCURRENT freed <1K, 47% free 3474K/6535K, external 0K/0K, paused 2ms+9ms
D/dalvikvm(29040): GC_FOR_MALLOC freed 562K, 56% free 2911K/6535K, external 0K/0K, paused 30ms
I/dalvikvm-heap(29040): Grow heap (frag case) to 5.637MB for 576016-byte allocation
D/CameraService( 1253): setPreviewCallbackFlag(7) (pid 29040)
D/dalvikvm(29040): GC_FOR_MALLOC freed 0K, 47% free 3474K/6535K, external 0K/0K, paused 26ms
D/PreviewCallBack(29040): onPreviewFrame - wrote bytes: 576000
D/mm-camera( 1253): TRIGGER_OUTDOOR
D/dalvikvm(29040): GC_CONCURRENT freed <1K, 47% free 3474K/6535K, external 0K/0K, paused 3ms+7ms
D/dalvikvm(29040): GC_FOR_MALLOC freed 562K, 56% free 2911K/6535K, external 0K/0K, paused 36ms
I/dalvikvm-heap(29040): Grow heap (frag case) to 5.637MB for 576016-byte allocation
D/CameraService( 1253): setPreviewCallbackFlag(7) (pid 29040)
D/dalvikvm(29040): GC_FOR_MALLOC freed 0K, 47% free 3474K/6535K, external 0K/0K, paused 33ms
D/mm-camera( 1253): TRIGGER_OUTDOOR
D/dalvikvm(29040): GC_CONCURRENT freed <1K, 47% free 3474K/6535K, external 0K/0K, paused 3ms+2ms
D/dalvikvm(29040): GC_FOR_MALLOC freed <1K, 47% free 3474K/6535K, external 0K/0K, paused 21ms
I/dalvikvm-heap(29040): Grow heap (frag case) to 6.187MB for 576016-byte allocation
D/mm-camera( 1253): TRIGGER_OUTDOOR
D/dalvikvm(29040): GC_FOR_MALLOC freed 0K, 39% free 4036K/6535K, external 0K/0K, paused 53ms
D/dalvikvm(29040): GC_CONCURRENT freed <1K, 39% free 4036K/6535K, external 0K/0K, paused 1ms+5ms
D/mm-camera( 1253): TRIGGER_OUTDOOR
D/dalvikvm(29031): GC_CONCURRENT freed 557K, 35% free 5522K/8455K, external 0K/0K, paused 4ms+8ms
D/StatusBarPolicy( 1516): Network Type: 2
D/mm-camera( 1253): TRIGGER_OUTDOOR
D/mm-camera( 1253): TRIGGER_OUTDOOR
D/mm-camera( 1253): TRIGGER_OUTDOOR
W/Finsky  (28981): [1] 2.onErrorResponse: Update check failed: com.google.android.finsky.utils.BgDataDisabledError
D/Database(29031): dbopen(): path = /data/data/com.facebook.katana/databases/newsfeed_db, flag = 6, file size = 74752
D/Finsky  (28981): [1] DailyHygiene.reschedule: Giving up. (failures=6)
I/Database(29031): sqlite returned: error code = 0, msg = Recovered 73 frames from WAL file /data/data/com.facebook.katana/databases/newsfeed_db-wal
D/Database(29031): dbopen(): path = /data/data/com.facebook.katana/databases/newsfeed_db, mode: wal, disk free size: 619 M, handle: 0x3993b8
D/mm-camera( 1253): TRIGGER_OUTDOOR
D/dalvikvm(28981): GC_CONCURRENT freed 1041K, 50% free 3416K/6791K, external 0K/0K, paused 2ms+7ms
D/mm-camera( 1253): TRIGGER_OUTDOOR
D/mm-camera( 1253): TRIGGER_NORMAL
I/fb4a(:<default>):OrcaInjector(29031): Created just-in-time provider for class com.facebook.orca.abtest.MessagesQuickExperimentNameHolder
I/fb4a(:<default>):OrcaInjector(29031): Created just-in-time provider for class com.facebook.katana.abtest.FbandroidQuickExperimentNameHolder
D/dalvikvm(29031): GC_CONCURRENT freed 734K, 35% free 5722K/8775K, external 0K/0K, paused 13ms+3ms
D/Socket_Alarm(29031): registerHTCSocketMonitorCallBack
D/Socket_Alarm(29031): set mSocketMonitor
D/Socket_Alarm(29031): HTCSocketMonitorImpl::HTCSocketMonitorImpl
I/dalvikvm(29031): Could not find method android.view.Display.getSize, referenced from method com.facebook.analytics.AnalyticsDeviceUtils.a
W/dalvikvm(29031): VFY: unable to resolve virtual method 1064: Landroid/view/Display;.getSize (Landroid/graphics/Point;)V
D/dalvikvm(29031): VFY: replacing opcode 0x6e at 0x0030
I/fb4a(:<default>):OrcaInjector(29031): Created just-in-time provider for class com.facebook.camera.gating.CameraGatekeeperSetProvider
I/dalvikvm(29031): Could not find method android.view.Display.getSize, referenced from method com.facebook.katana.UserAgent.c
W/dalvikvm(29031): VFY: unable to resolve virtual method 1064: Landroid/view/Display;.getSize (Landroid/graphics/Point;)V
D/dalvikvm(29031): VFY: replacing opcode 0x6e at 0x001f
D/PreviewCallBack(29040): onPreviewFrame - wrote bytes: 576000
D/CameraService( 1253): setPreviewCallbackFlag(7) (pid 29040)
D/dalvikvm(29040): GC_FOR_MALLOC freed 563K, 47% free 3474K/6535K, external 0K/0K, paused 42ms
I/dalvikvm-heap(29040): Grow heap (frag case) to 6.187MB for 576016-byte allocation
D/dalvikvm(29040): GC_FOR_MALLOC freed 0K, 39% free 4037K/6535K, external 0K/0K, paused 31ms
D/PreviewCallBack(29040): onPreviewFrame - wrote bytes: 576000
D/CameraService( 1253): setPreviewCallbackFlag(7) (pid 29040)
D/PreviewCallBack(29040): onPreviewFrame - wrote bytes: 576000
D/dalvikvm(29040): GC_CONCURRENT freed 563K, 47% free 3474K/6535K, external 0K/0K, paused 3ms+5ms
I/fb4a(:<default>):OrcaInjector(29031): Created just-in-time provider for class com.facebook.mqtt.MqttSsl
D/dalvikvm(29040): GC_FOR_MALLOC freed 563K, 56% free 2911K/6535K, external 0K/0K, paused 32ms
I/dalvikvm-heap(29040): Grow heap (frag case) to 5.637MB for 576016-byte allocation
D/CameraService( 1253): setPreviewCallbackFlag(7) (pid 29040)
D/dalvikvm(29040): GC_FOR_MALLOC freed 0K, 47% free 3474K/6535K, external 0K/0K, paused 31ms
D/PreviewCallBack(29040): onPreviewFrame - wrote bytes: 576000
D/dalvikvm(29040): GC_CONCURRENT freed <1K, 47% free 3474K/6535K, external 0K/0K, paused 2ms+2ms
I/fb4a(:<default>):OrcaInjector(29031): Created just-in-time provider for class com.facebook.push.c2dm.UnregisterPushTokenMethod
D/dalvikvm(29040): GC_FOR_MALLOC freed 563K, 56% free 2911K/6535K, external 0K/0K, paused 40ms
I/dalvikvm-heap(29040): Grow heap (frag case) to 5.637MB for 576016-byte allocation
D/dalvikvm(29040): GC_FOR_MALLOC freed 0K, 47% free 3474K/6535K, external 0K/0K, paused 44ms
D/CameraService( 1253): setPreviewCallbackFlag(7) (pid 29040)
D/dalvikvm(29031): GC_CONCURRENT freed 827K, 35% free 5880K/9031K, external 0K/0K, paused 10ms+3ms
D/PreviewCallBack(29040): onPreviewFrame - wrote bytes: 576000
W/KeyCharacterMap(29040): Can't open keycharmap file
W/KeyCharacterMap(29040): Error loading keycharmap file '/system/usr/keychars/synaptics-rmi-touchscreen.kcm.bin'. hw.keyboards.65537.devname='synaptics-rmi-touchscreen'
I/KeyCharacterMap(29040): Using default keymap: /system/usr/keychars/qwerty.kcm.bin
D/dalvikvm(29040): GC_CONCURRENT freed <1K, 47% free 3474K/6535K, external 0K/0K, paused 2ms+2ms
D/dalvikvm(29040): GC_FOR_MALLOC freed 562K, 56% free 2911K/6535K, external 0K/0K, paused 43ms
D/Database(29031): dbopen(): path = /data/data/com.facebook.katana/databases/prefs_db, flag = 6, file size = 38912
I/dalvikvm-heap(29040): Grow heap (frag case) to 5.637MB for 576016-byte allocation
I/Database(29031): sqlite returned: error code = 0, msg = Recovered 38 frames from WAL file /data/data/com.facebook.katana/databases/prefs_db-wal
D/Database(29031): dbopen(): path = /data/data/com.facebook.katana/databases/prefs_db, mode: wal, disk free size: 619 M, handle: 0x3d2838
D/dalvikvm(29040): GC_FOR_MALLOC freed 0K, 47% free 3474K/6535K, external 0K/0K, paused 42ms
D/CameraService( 1253): setPreviewCallbackFlag(7) (pid 29040)
D/PreviewCallBack(29040): onPreviewFrame - wrote bytes: 576000
D/dalvikvm(29040): GC_CONCURRENT freed 563K, 56% free 2911K/6535K, external 0K/0K, paused 2ms+8ms
D/dalvikvm(29040): GC_FOR_MALLOC freed <1K, 56% free 2911K/6535K, external 0K/0K, paused 37ms
I/dalvikvm-heap(29040): Grow heap (frag case) to 5.637MB for 576016-byte allocation
D/CameraService( 1253): setPreviewCallbackFlag(0) (pid 29040)
D/CameraService( 1253): stopPreview (pid 29040)
D/QualcommCameraHardware( 1253): stopPreview: E
D/QualcommCameraHardware( 1253): stopPreviewInternal E: 1
D/QualcommCameraHardware( 1253): cancelAutoFocusInternal E
I/mm-camera( 1253): config_proc_CAMERA_STOP_VIDEO:, ctrl->state = 27
I/mm-camera( 1253): vfe_stop_vfe: vfe_util_sendcmd: rc = 1 
I/mm-camera( 1253): config_proc_ctrl_command: pendingCtrlCmd 0x1dbdc0
I/mm-camera( 1253): Received VFE Stop ACK!!! ctrlCmd->type 57
I/mm-camera( 1253): sending CTRL_CMD_DONE to kernel!, length = 0, status = 1
I/mm-camera( 1253): VFE_RESET_ACK ctrl->state 25
W/mm-camera( 1253): VFE_RESET_ACK illegal ctrl->state 25
D/dalvikvm(29040): GC_FOR_MALLOC freed 0K, 47% free 3474K/6535K, external 0K/0K, paused 46ms
I/QualcommCameraHardware( 1253): deinitPreview E
I/CAMFRAME:( 1253): In camframe_terminate E
I/CAMFRAME:( 1253): camframe_terminate: gCamFrameDebugFrame1 1
I/CAMFRAME:( 1253): In camframe_terminate X
I/CAMFRAME:( 1253): camframe_terminate: gCamFrameDebugFrame2 1
I/QualcommCameraHardware( 1253): deinitPreview X
D/GPUPostEffect( 1253): virtual int mlabs::GPUPostEffect::stopPreview() E.
D/CAMFRAME:( 1253): cam_frame: gCamFrameDebugFrame 2
I/CAMFRAME:( 1253): cam_frame: Before Exiting camframe thread
I/CAMFRAME:( 1253): cam_frame: Exiting camframe thread - 66
I/QualcommCameraHardware( 1253): ~PmemPool: preview E
I/QualcommCameraHardware( 1253): register_buf: camfd = 56, reg = 1 buffer = 0x41b84000
I/QualcommCameraHardware( 1253): register_buf: camfd = 56, reg = 1 buffer = 0x41c11000
I/QualcommCameraHardware( 1253): register_buf: camfd = 56, reg = 1 buffer = 0x41c9e000
I/QualcommCameraHardware( 1253): register_buf: camfd = 56, reg = 1 buffer = 0x41d2b000
I/QualcommCameraHardware( 1253): ~PmemPool: preview X
I/QualcommCameraHardware( 1253): ~PmemPool: record E
I/QualcommCameraHardware( 1253): register_buf: camfd = 59, reg = 1 buffer = 0x41db8000
I/QualcommCameraHardware( 1253): register_buf: camfd = 59, reg = 1 buffer = 0x41e45000
I/QualcommCameraHardware( 1253): register_buf: camfd = 59, reg = 1 buffer = 0x41ed2000
I/QualcommCameraHardware( 1253): register_buf: camfd = 59, reg = 1 buffer = 0x41f5f000
I/QualcommCameraHardware( 1253): register_buf: camfd = 59, reg = 1 buffer = 0x41fec000
I/QualcommCameraHardware( 1253): register_buf: camfd = 59, reg = 1 buffer = 0x42079000
I/QualcommCameraHardware( 1253): register_buf: camfd = 59, reg = 1 buffer = 0x42106000
I/QualcommCameraHardware( 1253): register_buf: camfd = 59, reg = 1 buffer = 0x42193000
D/QualcommCameraHardware( 1253): Unregister lastest buffer for MSM_PMEM_VIDEO
I/QualcommCameraHardware( 1253): register_buf: camfd = 59, reg = 1 buffer = 0x42220000
I/QualcommCameraHardware( 1253): ~PmemPool: record X
D/QualcommCameraHardware( 1253): frame_thread X
D/GPUPostEffect( 1253): int mlabs::GPUPostEffect::stopPreview(mlabs::GPUPostEffect::GPUTask*) E.
D/GPUPostEffect( 1253): int mlabs::GPUPostEffect::stopPreview(mlabs::GPUPostEffect::GPUTask*) X.
D/GPUPostEffect( 1253): virtual int mlabs::GPUPostEffect::stopPreview() X.
D/QualcommCameraHardware( 1253): void android::QualcommCameraHardware::stopPreviewInternal(): stopPreview done.
D/QualcommCameraHardware( 1253): stopPreviewInternal X: 0
D/QualcommCameraHardware( 1253): stopPreview: X
D/Camera-JNI(29040): native_release: context=0x3602f8 camera=0x3601b0
D/CameraService( 1253): setPreviewCallbackFlag(0) (pid 29040)
D/CameraService( 1253): disconnect E (pid 29040)
D/CameraService( 1253): hardware teardown
D/QualcommCameraHardware( 1253): stopPreview: E
D/QualcommCameraHardware( 1253): stopPreviewInternal E: 0
D/QualcommCameraHardware( 1253): stopPreviewInternal X: 0
D/QualcommCameraHardware( 1253): stopPreview: X
D/QualcommCameraHardware( 1253): release E
W/mm-camera( 1253): config_proc_CAMERA_STOP_SNAPSHOT: state is not correct ctrl->state = 25
I/mm-camera( 1253): vfe_stop_vfe: vfe_util_sendcmd: rc = 1 
I/mm-camera( 1253): Received VFE Stop ACK!!! ctrlCmd is NULL
I/mm-camera( 1253): VFE_RESET_ACK ctrl->state 24
W/mm-camera( 1253): VFE_RESET_ACK illegal ctrl->state 24
D/        ( 1253): SIMON:GM: mlabs::GPUPostEffect::GPUTask* mlabs::GPUPostEffect::get(): cancel 0 tasks.
I/GEManager( 1253): [~GEManager] enter
I/GEManager( 1253): [Deinit] enter
I/GEManager( 1253): [Deinit] delete m_pCurrShader
I/GEManager( 1253): [Deinit] delete m_pShaderBypass
I/GEManager( 1253): [Deinit] delete m_pSrcTexture
I/GEManager( 1253): [Deinit] delete m_pDstFbo
I/GEManager( 1253): [Deinit] leave
I/GEManager( 1253): [~GEManager] eglMakeCurrent
I/GEManager( 1253): [~GEManager] eglDestroySurface
I/GEManager( 1253): [~GEManager] eglDestroyContext
I/GEManager( 1253): [~GEManager] eglTerminate
I/GEManager( 1253): [~GEManager] leave
D/GPUPostEffect( 1253): void* mlabs::GPUPostEffect::threadMain() X.
D/QualcommCameraHardware( 1253): libposteffect at 0xb000f4b8 unloaded.
D/QualcommCameraHardware( 1253): virtual void android::QualcommCameraHardware::release(): GPU manager stopped.
D/QualcommCameraHardware( 1253): deinitRaw E
D/QualcommCameraHardware( 1253): deinitRaw X
D/mm-camera( 1253): set_led_mode = 0, led_ctrl_p->led_mode = 0
D/dalvikvm(29040): GC_CONCURRENT freed <1K, 47% free 3474K/6535K, external 0K/0K, paused 2ms+32ms
D/mm-camera stacktrace( 1253): +++ DELETING LEAKED MEMORY AT 0x1db1d8 (4 REMAINING)
D/mm-camera stacktrace( 1253): +++ DELETING LEAKED MEMORY AT 0x1db180 (3 REMAINING)
D/mm-camera stacktrace( 1253): +++ DELETING LEAKED MEMORY AT 0x1db128 (2 REMAINING)
D/mm-camera stacktrace( 1253): +++ DELETING LEAKED MEMORY AT 0x1dab58 (1 REMAINING)
D/QualcommCameraHardware( 1253): dlclose(libqcamera)
D/QualcommCameraHardware( 1253): mHtcCallbackThread 1946152
I/QualcommCameraHardware( 1253): notifyHtcCallback: (-1 0 0)
I/QualcommCameraHardware( 1253): runHtcCallbackThread: read pipe - exit thread
I/QualcommCameraHardware( 1253): runHtcCallbackThread X
D/QualcommCameraHardware( 1253): htc_callback_thread X
I/QualcommCameraHardware( 1253): release X: mCameraRunning = 0, mFrameThreadRunning = 0
I/QualcommCameraHardware( 1253): mVideoThreadRunning = 0, mSnapshotThreadRunning = 0, mJpegThreadRunning = 0
I/QualcommCameraHardware( 1253): camframe_timeout_flag = 0, mAutoFocusThreadRunning = 0
W/QualcommCameraHardware( 1253):  Overlay object NULL. returning 
D/OverlayLIB( 1253): OV::closeDataChannel(1752) start OvData.id 5
D/OverlayLIB( 1253): OV::closeDataChannel(1771) end
D/Overlay ( 1359): destroyOverlay z=0
D/OverlayLIB( 1359): OV::closeControlChannel mOVInfo.id 5 mFBnum 0
I/QualcommCameraHardware( 1253): ~QualcommCameraHardware E tid 1386
I/QualcommCameraHardware( 1253): ~QualcommCameraHardware X
D/QualcommCameraHardware( 1253): [ATS][close_camera][complete]
W/ActivityManager( 1359): Activity pause timeout for HistoryRecord{40a38690 com.innominds.camerapreviewsample/.CameraPreviewSampleActivity}
I/FD      ( 1253): [Ola_FaceDetector_Destroy:218] destroy num : 0
D/CameraPP( 1253): CameraPP::~CameraPP()
D/SDO_PP  ( 1253): SDO_PP::~SDO_PP()
D/CameraService( 1253): CameraService::removeClient E (pid 29040)
D/CameraService( 1253): removeClient: clear camera 0
D/CameraService( 1253): CameraService::removeClient X (pid 29040)
D/CameraService( 1253): disconnect X (pid 29040)
D/CameraService( 1253): Client::~Client E (pid 1253, this 0x1da718)
D/CameraService( 1253): disconnect E (pid 1253)
D/CameraService( 1253): Client::~Client X (pid 1253, this 0x1da718)
V/WindowManager( 1359): Starting animation in AppWindowToken{40e1d618 token=HistoryRecord{40550f20 com.innominds.camerapreviewsample/.MainActivity}} @ 147124214
V/WindowManager( 1359): Starting animation in AppWindowToken{4057dcc0 token=HistoryRecord{40a38690 com.innominds.camerapreviewsample/.CameraPreviewSampleActivity}} @ 147124214
D/dalvikvm(29031): GC_CONCURRENT freed 737K, 33% free 6184K/9223K, external 0K/0K, paused 3ms+3ms
V/WindowManager( 1359): Finished animation in AppWindowToken{40e1d618 token=HistoryRecord{40550f20 com.innominds.camerapreviewsample/.MainActivity}} @ 147124395
V/WindowManager( 1359): Finished animation in AppWindowToken{4057dcc0 token=HistoryRecord{40a38690 com.innominds.camerapreviewsample/.CameraPreviewSampleActivity}} @ 147124395
D/ActivityManager( 1359): destroyActivityLocked, r=HistoryRecord{40a38690 com.innominds.camerapreviewsample/.CameraPreviewSampleActivity}
V/ActivityManager( 1359): destroyActivityLocked, dalvik.system.VMStack.getThreadStackTrace(Native Method)
V/ActivityManager( 1359): destroyActivityLocked, java.lang.Thread.getStackTrace(Thread.java:745)
V/ActivityManager( 1359): destroyActivityLocked, com.android.server.am.ActivityStack.destroyActivityLocked(ActivityStack.java:3332)
V/ActivityManager( 1359): destroyActivityLocked, com.android.server.am.ActivityStack.finishCurrentActivityLocked(ActivityStack.java:3230)
V/ActivityManager( 1359): destroyActivityLocked, com.android.server.am.ActivityStack.finishCurrentActivityLocked(ActivityStack.java:3191)
V/ActivityManager( 1359): destroyActivityLocked, com.android.server.am.ActivityStack.activityIdleInternal(ActivityStack.java:2998)
V/ActivityManager( 1359): destroyActivityLocked, com.android.server.am.ActivityStack$2.handleMessage(ActivityStack.java:339)
V/ActivityManager( 1359): destroyActivityLocked, android.os.Handler.dispatchMessage(Handler.java:99)
V/ActivityManager( 1359): destroyActivityLocked, android.os.Looper.loop(Looper.java:150)
V/ActivityManager( 1359): destroyActivityLocked, com.android.server.ServerThread.run(SystemServer.java:772)
D/WindowManagerImpl(29040): finishRemoveViewLocked, mViews[1]: com.android.internal.policy.impl.PhoneWindow$DecorView@4052e150
D/dalvikvm(29031): GC_CONCURRENT freed 1098K, 36% free 6205K/9607K, external 0K/0K, paused 3ms+4ms
D/skia    ( 1570): purging 57K from font cache [7 entries]
D/StatusBarPolicy( 1516): Network Type: 2
D/dalvikvm(29031): GC_CONCURRENT freed 1087K, 36% free 6279K/9671K, external 0K/0K, paused 3ms+12ms
W/KeyCharacterMap(29040): Can't open keycharmap file
W/KeyCharacterMap(29040): Error loading keycharmap file '/system/usr/keychars/synaptics-rmi-touchscreen.kcm.bin'. hw.keyboards.65537.devname='synaptics-rmi-touchscreen'
I/KeyCharacterMap(29040): Using default keymap: /system/usr/keychars/qwerty.kcm.bin
D/SensorService( 1359): disable: get sensor name = BMA150 3-axis Accelerometer
D/SensorService( 1359): disable: sensor = 0x32ea80
D/Sensors ( 1359): Enable akm: en = 0
D/SensorService( 1359): SensorDevice::activate--: handle = 0x0, enabled = 0x0
D/SensorService( 1359): pid=1359, uid=1000
D/dalvikvm(29031): GC_CONCURRENT freed 1104K, 35% free 6331K/9735K, external 0K/0K, paused 3ms+4ms
D/dalvikvm( 1570): GC_EXPLICIT freed 383K, 51% free 4156K/8327K, external 10130K/11979K, paused 576ms
D/AK8975  ( 1260): Compass CLOSE 
I/CarouselTimeLog( 1570): onStart() finish: 1377596415009
D/CarouselDummyActivity( 1570): CarouselDummyActivity.onResume: tab_downloaded
D/dalvikvm(29031): GC_CONCURRENT freed 1158K, 36% free 6404K/9863K, external 0K/0K, paused 5ms+9ms
D/Wallpaper( 1570): pauseWallpaper: false
W/InputManagerService( 1359): [unbindCurrentClientLocked] Disable input method client.
W/InputManagerService( 1359): [startInputLocked] Enable input method client.
V/WindowManager( 1359): Starting animation in AppWindowToken{408c9100 token=HistoryRecord{4088c0f8 com.htc.launcher/.Launcher}} @ 147126020
V/WindowManager( 1359): Finished animation in AppWindowToken{408c9100 token=HistoryRecord{4088c0f8 com.htc.launcher/.Launcher}} @ 147126020
V/WindowManager( 1359): Starting animation in AppWindowToken{40e1d618 token=HistoryRecord{40550f20 com.innominds.camerapreviewsample/.MainActivity}} @ 147126020
D/ActivityManager( 1359): destroyActivityLocked, r=HistoryRecord{40550f20 com.innominds.camerapreviewsample/.MainActivity}
V/ActivityManager( 1359): destroyActivityLocked, dalvik.system.VMStack.getThreadStackTrace(Native Method)
V/ActivityManager( 1359): destroyActivityLocked, java.lang.Thread.getStackTrace(Thread.java:745)
V/ActivityManager( 1359): destroyActivityLocked, com.android.server.am.ActivityStack.destroyActivityLocked(ActivityStack.java:3332)
V/ActivityManager( 1359): destroyActivityLocked, com.android.server.am.ActivityStack.finishCurrentActivityLocked(ActivityStack.java:3230)
V/ActivityManager( 1359): destroyActivityLocked, com.android.server.am.ActivityStack.finishCurrentActivityLocked(ActivityStack.java:3191)
V/ActivityManager( 1359): destroyActivityLocked, com.android.server.am.ActivityStack.activityIdleInternal(ActivityStack.java:2998)
V/ActivityManager( 1359): destroyActivityLocked, com.android.server.am.ActivityManagerService.activityIdle(ActivityManagerService.java:4410)
