V/ActivityManager( 1359): destroyActivityLocked, android.app.ActivityManagerNative.onTransact(ActivityManagerNative.java:371)
V/ActivityManager( 1359): destroyActivityLocked, com.android.server.am.ActivityManagerService.onTransact(ActivityManagerService.java:1642)
V/ActivityManager( 1359): destroyActivityLocked, android.os.Binder.execTransact(Binder.java:320)
V/ActivityManager( 1359): destroyActivityLocked, dalvik.system.NativeStart.run(Native Method)
D/WindowManagerImpl(29040): finishRemoveViewLocked, mViews[0]: com.android.internal.policy.impl.PhoneWindow$DecorView@40521580
D/dalvikvm(29031): GC_CONCURRENT freed 1197K, 36% free 6429K/9927K, external 0K/0K, paused 7ms+4ms
V/WindowManager( 1359): Finished animation in AppWindowToken{40e1d618 token=HistoryRecord{40550f20 com.innominds.camerapreviewsample/.MainActivity}} @ 147126343
D/dalvikvm(29031): GC_CONCURRENT freed 1209K, 36% free 6474K/9991K, external 0K/0K, paused 4ms+4ms
D/dalvikvm(29031): GC_CONCURRENT freed 1254K, 36% free 6499K/10055K, external 0K/0K, paused 3ms+4ms
W/KeyCharacterMap( 1570): Can't open keycharmap file
W/KeyCharacterMap( 1570): Error loading keycharmap file '/system/usr/keychars/synaptics-rmi-touchscreen.kcm.bin'. hw.keyboards.65537.devname='synaptics-rmi-touchscreen'
I/KeyCharacterMap( 1570): Using default keymap: /system/usr/keychars/qwerty.kcm.bin
W/dalvikvm( 1570): disableGcForExternalAlloc: true
D/dalvikvm(29031): GC_CONCURRENT freed 1144K, 35% free 6580K/10055K, external 0K/0K, paused 4ms+20ms
W/dalvikvm( 1570): disableGcForExternalAlloc: false
W/Rosie   ( 1570): mAddHtcWidgetByOtherActivity = false, mIsOpenSlideWhenLeaveLaunch = false
D/dalvikvm(29031): GC_CONCURRENT freed 1252K, 35% free 6630K/10183K, external 0K/0K, paused 3ms+4ms
D/StatusBarPolicy( 1516): Network Type: 2
D/dalvikvm(29031): GC_CONCURRENT freed 1301K, 36% free 6642K/10247K, external 0K/0K, paused 3ms+4ms
D/Database(29031): dbopen(): path = /data/data/com.facebook.katana/databases/timeline_db, flag = 6, file size = 283648
I/Database(29031): sqlite returned: error code = 0, msg = Recovered 277 frames from WAL file /data/data/com.facebook.katana/databases/timeline_db-wal
D/Database(29031): dbopen(): path = /data/data/com.facebook.katana/databases/timeline_db, mode: wal, disk free size: 619 M, handle: 0x3f6c70
D/Database(29031): dbopen(): path = /data/data/com.facebook.katana/databases/pages_db, flag = 6, file size = 5120
D/Database(29031): dbopen(): path = /data/data/com.facebook.katana/databases/pages_db, mode: wal, disk free size: 619 M, handle: 0x407620
D/Database(29031): dbopen(): path = /data/data/com.facebook.katana/databases/qe_db, flag = 6, file size = 7168
I/keystore( 1257): uid: 1000 action: e -> 7 state: 2 -> 2 retry: 4
D/Database(29031): dbopen(): path = /data/data/com.facebook.katana/databases/fb.db, flag = 6, file size = 830464
I/Database(29031): sqlite returned: error code = 0, msg = Recovered 811 frames from WAL file /data/data/com.facebook.katana/databases/fb.db-wal
D/Database(29031): dbopen(): path = /data/data/com.facebook.katana/databases/fb.db, mode: wal, disk free size: 619 M, handle: 0x439010
I/Database(29031): sqlite returned: error code = 0, msg = Recovered 7 frames from WAL file /data/data/com.facebook.katana/databases/qe_db-wal
D/Database(29031): dbopen(): path = /data/data/com.facebook.katana/databases/qe_db, mode: wal, disk free size: 619 M, handle: 0x3d4dd0
I/keystore( 1257): uid: 1000 action: e -> 7 state: 2 -> 2 retry: 4
D/dalvikvm(29031): GC_CONCURRENT freed 1173K, 35% free 6737K/10247K, external 0K/0K, paused 8ms+4ms
D/dalvikvm(29031): GC_FOR_MALLOC freed 88K, 35% free 6665K/10247K, external 0K/0K, paused 47ms
I/dalvikvm-heap(29031): Grow heap (frag case) to 8.879MB for 131088-byte allocation
D/dalvikvm(29031): GC_FOR_MALLOC freed 3K, 35% free 6789K/10439K, external 0K/0K, paused 48ms
I/keystore( 1257): uid: 1000 action: e -> 7 state: 2 -> 2 retry: 4
I/keystore( 1257): uid: 1000 action: e -> 7 state: 2 -> 2 retry: 4
I/keystore( 1257): uid: 1000 action: e -> 7 state: 2 -> 2 retry: 4
I/keystore( 1257): uid: 1000 action: e -> 7 state: 2 -> 2 retry: 4
I/keystore( 1257): uid: 1000 action: e -> 7 state: 2 -> 2 retry: 4
I/keystore( 1257): uid: 1000 action: e -> 7 state: 2 -> 2 retry: 4
I/keystore( 1257): uid: 1000 action: e -> 7 state: 2 -> 2 retry: 4
D/dalvikvm(29031): GC_FOR_MALLOC freed 420K, 34% free 6955K/10439K, external 0K/0K, paused 59ms
I/dalvikvm(29031): Could not find method android.app.AlertDialog$Builder.<init>, referenced from method com.facebook.katana.activity.composer.ComposerActivity.ae
W/dalvikvm(29031): VFY: unable to resolve direct method 38: Landroid/app/AlertDialog$Builder;.<init> (Landroid/content/Context;I)V
D/dalvikvm(29031): VFY: replacing opcode 0x70 at 0x0009
I/keystore( 1257): uid: 1000 action: e -> 7 state: 2 -> 2 retry: 4
I/dalvikvm(29031): Could not find method android.os.RemoteException.<init>, referenced from method com.facebook.orca.server.OrcaService.a
W/dalvikvm(29031): VFY: unable to resolve direct method 1007: Landroid/os/RemoteException;.<init> (Ljava/lang/String;)V
D/dalvikvm(29031): VFY: replacing opcode 0x70 at 0x009b
D/dalvikvm(29031): VFY: dead code 0x009e-009e in Lcom/facebook/orca/server/OrcaService;.a (Lcom/facebook/orca/server/OperationType;Landroid/os/Bundle;)Ljava/lang/String;
